Archive member included to satisfy reference by file (symbol)

c:/program files (x86)/gnu tools arm embedded/5.2 2015q4/bin/../lib/gcc/arm-none-eabi/5.2.1/../../../../arm-none-eabi/lib/armv7e-m/fpu\libg_nano.a(lib_a-exit.o)
                              c:/program files (x86)/gnu tools arm embedded/5.2 2015q4/bin/../lib/gcc/arm-none-eabi/5.2.1/../../../../arm-none-eabi/lib/armv7e-m/fpu/rdimon-crt0.o (exit)
c:/program files (x86)/gnu tools arm embedded/5.2 2015q4/bin/../lib/gcc/arm-none-eabi/5.2.1/../../../../arm-none-eabi/lib/armv7e-m/fpu\libg_nano.a(lib_a-impure.o)
                              c:/program files (x86)/gnu tools arm embedded/5.2 2015q4/bin/../lib/gcc/arm-none-eabi/5.2.1/../../../../arm-none-eabi/lib/armv7e-m/fpu\libg_nano.a(lib_a-exit.o) (_global_impure_ptr)
c:/program files (x86)/gnu tools arm embedded/5.2 2015q4/bin/../lib/gcc/arm-none-eabi/5.2.1/../../../../arm-none-eabi/lib/armv7e-m/fpu\libg_nano.a(lib_a-init.o)
                              c:/program files (x86)/gnu tools arm embedded/5.2 2015q4/bin/../lib/gcc/arm-none-eabi/5.2.1/../../../../arm-none-eabi/lib/armv7e-m/fpu/rdimon-crt0.o (__libc_init_array)
c:/program files (x86)/gnu tools arm embedded/5.2 2015q4/bin/../lib/gcc/arm-none-eabi/5.2.1/../../../../arm-none-eabi/lib/armv7e-m/fpu\libg_nano.a(lib_a-malloc.o)
                              ./Middlewares/ST/STM32_USB_Device_Library/Class/CDC/Src/usbd_cdc.o (malloc)
c:/program files (x86)/gnu tools arm embedded/5.2 2015q4/bin/../lib/gcc/arm-none-eabi/5.2.1/../../../../arm-none-eabi/lib/armv7e-m/fpu\libg_nano.a(lib_a-memcpy-stub.o)
                              ./FreeRTOS/Source/queue.o (memcpy)
c:/program files (x86)/gnu tools arm embedded/5.2 2015q4/bin/../lib/gcc/arm-none-eabi/5.2.1/../../../../arm-none-eabi/lib/armv7e-m/fpu\libg_nano.a(lib_a-memset.o)
                              c:/program files (x86)/gnu tools arm embedded/5.2 2015q4/bin/../lib/gcc/arm-none-eabi/5.2.1/../../../../arm-none-eabi/lib/armv7e-m/fpu/rdimon-crt0.o (memset)
c:/program files (x86)/gnu tools arm embedded/5.2 2015q4/bin/../lib/gcc/arm-none-eabi/5.2.1/../../../../arm-none-eabi/lib/armv7e-m/fpu\libg_nano.a(lib_a-nano-freer.o)
                              c:/program files (x86)/gnu tools arm embedded/5.2 2015q4/bin/../lib/gcc/arm-none-eabi/5.2.1/../../../../arm-none-eabi/lib/armv7e-m/fpu\libg_nano.a(lib_a-malloc.o) (_free_r)
c:/program files (x86)/gnu tools arm embedded/5.2 2015q4/bin/../lib/gcc/arm-none-eabi/5.2.1/../../../../arm-none-eabi/lib/armv7e-m/fpu\libg_nano.a(lib_a-nano-mallocr.o)
                              c:/program files (x86)/gnu tools arm embedded/5.2 2015q4/bin/../lib/gcc/arm-none-eabi/5.2.1/../../../../arm-none-eabi/lib/armv7e-m/fpu\libg_nano.a(lib_a-malloc.o) (_malloc_r)
c:/program files (x86)/gnu tools arm embedded/5.2 2015q4/bin/../lib/gcc/arm-none-eabi/5.2.1/../../../../arm-none-eabi/lib/armv7e-m/fpu\libg_nano.a(lib_a-nano-vfprintf_float.o)
                              (_printf_float)
c:/program files (x86)/gnu tools arm embedded/5.2 2015q4/bin/../lib/gcc/arm-none-eabi/5.2.1/../../../../arm-none-eabi/lib/armv7e-m/fpu\libg_nano.a(lib_a-nano-vfprintf_i.o)
                              c:/program files (x86)/gnu tools arm embedded/5.2 2015q4/bin/../lib/gcc/arm-none-eabi/5.2.1/../../../../arm-none-eabi/lib/armv7e-m/fpu\libg_nano.a(lib_a-nano-vfprintf_float.o) (_printf_common)
c:/program files (x86)/gnu tools arm embedded/5.2 2015q4/bin/../lib/gcc/arm-none-eabi/5.2.1/../../../../arm-none-eabi/lib/armv7e-m/fpu\libg_nano.a(lib_a-nano-vfscanf_float.o)
                              (_scanf_float)
c:/program files (x86)/gnu tools arm embedded/5.2 2015q4/bin/../lib/gcc/arm-none-eabi/5.2.1/../../../../arm-none-eabi/lib/armv7e-m/fpu\libg_nano.a(lib_a-s_fpclassify.o)
                              c:/program files (x86)/gnu tools arm embedded/5.2 2015q4/bin/../lib/gcc/arm-none-eabi/5.2.1/../../../../arm-none-eabi/lib/armv7e-m/fpu\libg_nano.a(lib_a-nano-vfprintf_float.o) (__fpclassifyd)
c:/program files (x86)/gnu tools arm embedded/5.2 2015q4/bin/../lib/gcc/arm-none-eabi/5.2.1/../../../../arm-none-eabi/lib/armv7e-m/fpu\libg_nano.a(lib_a-sbrkr.o)
                              c:/program files (x86)/gnu tools arm embedded/5.2 2015q4/bin/../lib/gcc/arm-none-eabi/5.2.1/../../../../arm-none-eabi/lib/armv7e-m/fpu\libg_nano.a(lib_a-nano-mallocr.o) (_sbrk_r)
c:/program files (x86)/gnu tools arm embedded/5.2 2015q4/bin/../lib/gcc/arm-none-eabi/5.2.1/../../../../arm-none-eabi/lib/armv7e-m/fpu\libg_nano.a(lib_a-sf_nan.o)
                              c:/program files (x86)/gnu tools arm embedded/5.2 2015q4/bin/../lib/gcc/arm-none-eabi/5.2.1/../../../../arm-none-eabi/lib/armv7e-m/fpu\libg_nano.a(lib_a-nano-vfscanf_float.o) (nanf)
c:/program files (x86)/gnu tools arm embedded/5.2 2015q4/bin/../lib/gcc/arm-none-eabi/5.2.1/../../../../arm-none-eabi/lib/armv7e-m/fpu\libg_nano.a(lib_a-sprintf.o)
                              ./src/main.o (sprintf)
[...]
Memory Configuration

Name             Origin             Length             Attributes
FLASH            0x08000000         0x00040000         xr
RAM              0x20000000         0x00010000         xrw
*default*        0x00000000         0xffffffff

Linker script and memory map

LOAD c:/program files (x86)/gnu tools arm embedded/5.2 2015q4/bin/../lib/gcc/arm-none-eabi/5.2.1/armv7e-m/fpu/crti.o
LOAD c:/program files (x86)/gnu tools arm embedded/5.2 2015q4/bin/../lib/gcc/arm-none-eabi/5.2.1/armv7e-m/fpu/crtbegin.o
LOAD c:/program files (x86)/gnu tools arm embedded/5.2 2015q4/bin/../lib/gcc/arm-none-eabi/5.2.1/../../../../arm-none-eabi/lib/armv7e-m/fpu/rdimon-crt0.o
LOAD ./system/src/stm32f4-hal/stm32f4xx_hal.o
LOAD ./system/src/stm32f4-hal/stm32f4xx_hal_adc.o
LOAD ./system/src/stm32f4-hal/stm32f4xx_hal_cortex.o
LOAD ./system/src/stm32f4-hal/stm32f4xx_hal_flash.o
LOAD ./system/src/stm32f4-hal/stm32f4xx_hal_gpio.o
LOAD ./system/src/stm32f4-hal/stm32f4xx_hal_iwdg.o
LOAD ./system/src/stm32f4-hal/stm32f4xx_hal_pcd.o
LOAD ./system/src/stm32f4-hal/stm32f4xx_hal_pcd_ex.o
LOAD ./system/src/stm32f4-hal/stm32f4xx_hal_pwr.o
LOAD ./system/src/stm32f4-hal/stm32f4xx_hal_rcc.o
LOAD ./system/src/stm32f4-hal/stm32f4xx_hal_rcc_ex.o
LOAD ./system/src/stm32f4-hal/stm32f4xx_hal_uart.o
LOAD ./system/src/stm32f4-hal/stm32f4xx_hal_wwdg.o
LOAD ./system/src/stm32f4-hal/stm32f4xx_ll_usb.o
LOAD ./system/src/newlib/_startup.o
LOAD ./system/src/diag/Trace.o
LOAD ./system/src/diag/trace_impl.o
LOAD ./system/src/cortexm/_initialize_hardware.o
LOAD ./system/src/cortexm/_reset_hardware.o
LOAD ./system/src/cortexm/exception_handlers.o
LOAD ./system/src/cmsis/startup_stm32f401xc.o
LOAD ./system/src/cmsis/system_stm32f4xx.o
LOAD ./src/BlinkLed.o
LOAD ./src/_write.o
LOAD ./src/main.o
LOAD ./src/stm32f401_discovery.o
LOAD ./src/stm32f4xx_hal_msp.o
LOAD ./src/stm32f4xx_it.o
LOAD ./src/usb_device.o
LOAD ./src/usbd_cdc_if.o
LOAD ./src/usbd_conf.o
LOAD ./src/usbd_desc.o
LOAD ./Middlewares/ST/STM32_USB_Device_Library/Core/Src/usbd_core.o
LOAD ./Middlewares/ST/STM32_USB_Device_Library/Core/Src/usbd_ctlreq.o
LOAD ./Middlewares/ST/STM32_USB_Device_Library/Core/Src/usbd_ioreq.o
LOAD ./Middlewares/ST/STM32_USB_Device_Library/Class/CDC/Src/usbd_cdc.o
LOAD ./FreeRTOS/Source/portable/MemMang/heap_4.o
LOAD ./FreeRTOS/Source/portable/GCC/ARM_CM4F/port.o
LOAD ./FreeRTOS/Source/CMSIS_RTOS/cmsis_os.o
LOAD ./FreeRTOS/Source/croutine.o
LOAD ./FreeRTOS/Source/event_groups.o
LOAD ./FreeRTOS/Source/list.o
LOAD ./FreeRTOS/Source/queue.o
LOAD ./FreeRTOS/Source/tasks.o
LOAD ./FreeRTOS/Source/timers.o
LOAD c:/program files (x86)/gnu tools arm embedded/5.2 2015q4/bin/../lib/gcc/arm-none-eabi/5.2.1/../../../../arm-none-eabi/lib/armv7e-m/fpu\libstdc++_nano.a
LOAD c:/program files (x86)/gnu tools arm embedded/5.2 2015q4/bin/../lib/gcc/arm-none-eabi/5.2.1/../../../../arm-none-eabi/lib/armv7e-m/fpu\libm.a
START GROUP
LOAD c:/program files (x86)/gnu tools arm embedded/5.2 2015q4/bin/../lib/gcc/arm-none-eabi/5.2.1/armv7e-m/fpu\libgcc.a
LOAD c:/program files (x86)/gnu tools arm embedded/5.2 2015q4/bin/../lib/gcc/arm-none-eabi/5.2.1/../../../../arm-none-eabi/lib/armv7e-m/fpu\libg_nano.a
LOAD c:/program files (x86)/gnu tools arm embedded/5.2 2015q4/bin/../lib/gcc/arm-none-eabi/5.2.1/../../../../arm-none-eabi/lib/armv7e-m/fpu\libc_nano.a
END GROUP
START GROUP
LOAD c:/program files (x86)/gnu tools arm embedded/5.2 2015q4/bin/../lib/gcc/arm-none-eabi/5.2.1/armv7e-m/fpu\libgcc.a
LOAD c:/program files (x86)/gnu tools arm embedded/5.2 2015q4/bin/../lib/gcc/arm-none-eabi/5.2.1/../../../../arm-none-eabi/lib/armv7e-m/fpu\libc_nano.a
LOAD c:/program files (x86)/gnu tools arm embedded/5.2 2015q4/bin/../lib/gcc/arm-none-eabi/5.2.1/../../../../arm-none-eabi/lib/armv7e-m/fpu\librdimon_nano.a
END GROUP
START GROUP
LOAD c:/program files (x86)/gnu tools arm embedded/5.2 2015q4/bin/../lib/gcc/arm-none-eabi/5.2.1/armv7e-m/fpu\libgcc.a
LOAD c:/program files (x86)/gnu tools arm embedded/5.2 2015q4/bin/../lib/gcc/arm-none-eabi/5.2.1/../../../../arm-none-eabi/lib/armv7e-m/fpu\libc_nano.a
LOAD c:/program files (x86)/gnu tools arm embedded/5.2 2015q4/bin/../lib/gcc/arm-none-eabi/5.2.1/../../../../arm-none-eabi/lib/armv7e-m/fpu\librdimon_nano.a
END GROUP
LOAD c:/program files (x86)/gnu tools arm embedded/5.2 2015q4/bin/../lib/gcc/arm-none-eabi/5.2.1/armv7e-m/fpu/crtend.o
LOAD c:/program files (x86)/gnu tools arm embedded/5.2 2015q4/bin/../lib/gcc/arm-none-eabi/5.2.1/armv7e-m/fpu/crtn.o
                0x20010000                _estack = 0x20010000
                0x00000400                _Min_Heap_Size = 0x400
                0x00004000                _Min_Stack_Size = 0x4000

.isr_vector     0x08000000      0x194
                0x08000000                . = ALIGN (0x4)
 *(.isr_vector)
 .isr_vector    0x08000000      0x194 ./system/src/cmsis/startup_stm32f401xc.o
                0x08000000                g_pfnVectors
                0x08000194                . = ALIGN (0x4)

.text           0x080001a0     0xcbc0
                0x080001a0                . = ALIGN (0x4)
 *(.text)
 .text          0x080001a0       0xa4 c:/program files (x86)/gnu tools arm embedded/5.2 2015q4/bin/../lib/gcc/arm-none-eabi/5.2.1/armv7e-m/fpu/crtbegin.o
 .text          0x08000244       0x10 c:/program files (x86)/gnu tools arm embedded/5.2 2015q4/bin/../lib/gcc/arm-none-eabi/5.2.1/../../../../arm-none-eabi/lib/armv7e-m/fpu\libg_nano.a(lib_a-strlen.o)
                0x08000244                strlen
 *fill*         0x08000254        0xc 
 .text          0x08000260       0xa0 c:/program files (x86)/gnu tools arm embedded/5.2 2015q4/bin/../lib/gcc/arm-none-eabi/5.2.1/../../../../arm-none-eabi/lib/armv7e-m/fpu\libg_nano.a(lib_a-memchr.o)
                0x08000260                memchr
 .text          0x08000300      0x370 c:/program files (x86)/gnu tools arm embedded/5.2 2015q4/bin/../lib/gcc/arm-none-eabi/5.2.1/armv7e-m/fpu\libgcc.a(_arm_addsubdf3.o)
                0x08000300                __aeabi_drsub
                0x08000308                __aeabi_dsub
                0x08000308                __subdf3
                0x0800030c                __aeabi_dadd
                0x0800030c                __adddf3
                0x08000584                __floatunsidf
                0x08000584                __aeabi_ui2d
                0x080005a4                __floatsidf
                0x080005a4                __aeabi_i2d
                0x080005c8                __aeabi_f2d
                0x080005c8                __extendsfdf2
                0x08000604                __floatundidf
                0x08000604                __aeabi_ul2d
                0x08000614                __floatdidf
                0x08000614                __aeabi_l2d
 .text          0x08000670      0x424 c:/program files (x86)/gnu tools arm embedded/5.2 2015q4/bin/../lib/gcc/arm-none-eabi/5.2.1/armv7e-m/fpu\libgcc.a(_arm_muldivdf3.o)
                0x08000670                __aeabi_dmul
                0x08000670                __muldf3
                0x080008c4                __divdf3
                0x080008c4                __aeabi_ddiv
 .text          0x08000a94      0x110 c:/program files (x86)/gnu tools arm embedded/5.2 2015q4/bin/../lib/gcc/arm-none-eabi/5.2.1/armv7e-m/fpu\libgcc.a(_arm_cmpdf2.o)
                0x08000a94                __gtdf2
                0x08000a94                __gedf2
                0x08000a9c                __ltdf2
                0x08000a9c                __ledf2
                0x08000aa4                __nedf2
                0x08000aa4                __eqdf2
                0x08000aa4                __cmpdf2
                0x08000b20                __aeabi_cdrcmple
                0x08000b30                __aeabi_cdcmpeq
                0x08000b30                __aeabi_cdcmple
                0x08000b40                __aeabi_dcmpeq
                0x08000b54                __aeabi_dcmplt
                0x08000b68                __aeabi_dcmple
                0x08000b7c                __aeabi_dcmpge
                0x08000b90                __aeabi_dcmpgt
 .text          0x08000ba4       0x50 c:/program files (x86)/gnu tools arm embedded/5.2 2015q4/bin/../lib/gcc/arm-none-eabi/5.2.1/armv7e-m/fpu\libgcc.a(_arm_fixdfsi.o)
                0x08000ba4                __aeabi_d2iz
                0x08000ba4                __fixdfsi
 .text          0x08000bf4       0x40 c:/program files (x86)/gnu tools arm embedded/5.2 2015q4/bin/../lib/gcc/arm-none-eabi/5.2.1/armv7e-m/fpu\libgcc.a(_arm_fixunsdfsi.o)
                0x08000bf4                __aeabi_d2uiz
                0x08000bf4                __fixunsdfsi
 .text          0x08000c34       0xa0 c:/program files (x86)/gnu tools arm embedded/5.2 2015q4/bin/../lib/gcc/arm-none-eabi/5.2.1/armv7e-m/fpu\libgcc.a(_arm_truncdfsf2.o)
                0x08000c34                __truncdfsf2
                0x08000c34                __aeabi_d2f
 *(.text*)
 .text.HAL_Init
                0x08000cd4       0x44 ./system/src/stm32f4-hal/stm32f4xx_hal.o
                0x08000cd4                HAL_Init
 .text.HAL_InitTick
                0x08000d18       0x38 ./system/src/stm32f4-hal/stm32f4xx_hal.o
                0x08000d18                HAL_InitTick
 .text.HAL_IncTick
                0x08000d50       0x1c ./system/src/stm32f4-hal/stm32f4xx_hal.o
                0x08000d50                HAL_IncTick
 .text.HAL_GetTick
                0x08000d6c       0x18 ./system/src/stm32f4-hal/stm32f4xx_hal.o
                0x08000d6c                HAL_GetTick
 .text.HAL_Delay
                0x08000d84       0x2c ./system/src/stm32f4-hal/stm32f4xx_hal.o
                0x08000d84                HAL_Delay
 .text.HAL_ADC_Init
                0x08000db0      0x2b4 ./system/src/stm32f4-hal/stm32f4xx_hal_adc.o
                0x08000db0                HAL_ADC_Init
 .text.HAL_ADC_Start
                0x08001064      0x190 ./system/src/stm32f4-hal/stm32f4xx_hal_adc.o
                0x08001064                HAL_ADC_Start
 .text.HAL_ADC_Stop
                0x080011f4       0x80 ./system/src/stm32f4-hal/stm32f4xx_hal_adc.o
                0x080011f4                HAL_ADC_Stop
 .text.HAL_ADC_PollForConversion
                0x08001274      0x104 ./system/src/stm32f4-hal/stm32f4xx_hal_adc.o
                0x08001274                HAL_ADC_PollForConversion
 .text.HAL_ADC_GetValue
                0x08001378       0x1c ./system/src/stm32f4-hal/stm32f4xx_hal_adc.o
                0x08001378                HAL_ADC_GetValue
 .text.HAL_ADC_ConfigChannel
                0x08001394      0x2ac ./system/src/stm32f4-hal/stm32f4xx_hal_adc.o
                0x08001394                HAL_ADC_ConfigChannel
 .text.ADC_Init
                0x08001640      0x220 ./system/src/stm32f4-hal/stm32f4xx_hal_adc.o
 .text.NVIC_SetPriorityGrouping
                0x08001860       0x48 ./system/src/stm32f4-hal/stm32f4xx_hal_cortex.o
 .text.NVIC_GetPriorityGrouping
                0x080018a8       0x1c ./system/src/stm32f4-hal/stm32f4xx_hal_cortex.o
 .text.NVIC_EnableIRQ
                0x080018c4       0x34 ./system/src/stm32f4-hal/stm32f4xx_hal_cortex.o
 .text.NVIC_SetPriority
                0x080018f8       0x54 ./system/src/stm32f4-hal/stm32f4xx_hal_cortex.o
 .text.NVIC_EncodePriority
                0x0800194c       0x64 ./system/src/stm32f4-hal/stm32f4xx_hal_cortex.o
 .text.SysTick_Config
                0x080019b0       0x44 ./system/src/stm32f4-hal/stm32f4xx_hal_cortex.o
 .text.HAL_NVIC_SetPriorityGrouping
                0x080019f4       0x40 ./system/src/stm32f4-hal/stm32f4xx_hal_cortex.o
                0x080019f4                HAL_NVIC_SetPriorityGrouping
 .text.HAL_NVIC_SetPriority
                0x08001a34       0x58 ./system/src/stm32f4-hal/stm32f4xx_hal_cortex.o
                0x08001a34                HAL_NVIC_SetPriority
 .text.HAL_NVIC_EnableIRQ
                0x08001a8c       0x30 ./system/src/stm32f4-hal/stm32f4xx_hal_cortex.o
                0x08001a8c                HAL_NVIC_EnableIRQ
 .text.HAL_SYSTICK_Config
                0x08001abc       0x18 ./system/src/stm32f4-hal/stm32f4xx_hal_cortex.o
                0x08001abc                HAL_SYSTICK_Config
 .text.HAL_SYSTICK_CLKSourceConfig
                0x08001ad4       0x50 ./system/src/stm32f4-hal/stm32f4xx_hal_cortex.o
                0x08001ad4                HAL_SYSTICK_CLKSourceConfig
 .text.HAL_GPIO_Init
                0x08001b24      0x520 ./system/src/stm32f4-hal/stm32f4xx_hal_gpio.o
                0x08001b24                HAL_GPIO_Init
 .text.HAL_GPIO_WritePin
                0x08002044       0x58 ./system/src/stm32f4-hal/stm32f4xx_hal_gpio.o
                0x08002044                HAL_GPIO_WritePin
 .text.HAL_GPIO_TogglePin
                0x0800209c       0x34 ./system/src/stm32f4-hal/stm32f4xx_hal_gpio.o
                0x0800209c                HAL_GPIO_TogglePin
 .text.HAL_PCD_Init
                0x080020d0      0x224 ./system/src/stm32f4-hal/stm32f4xx_hal_pcd.o
                0x080020d0                HAL_PCD_Init
 .text.HAL_PCD_Start
                0x080022f4       0x44 ./system/src/stm32f4-hal/stm32f4xx_hal_pcd.o
                0x080022f4                HAL_PCD_Start
 .text.HAL_PCD_IRQHandler
                0x08002338      0x794 ./system/src/stm32f4-hal/stm32f4xx_hal_pcd.o
                0x08002338                HAL_PCD_IRQHandler
 .text.HAL_PCD_SetAddress
                0x08002acc       0x44 ./system/src/stm32f4-hal/stm32f4xx_hal_pcd.o
                0x08002acc                HAL_PCD_SetAddress
 .text.HAL_PCD_EP_Open
                0x08002b10       0xd0 ./system/src/stm32f4-hal/stm32f4xx_hal_pcd.o
                0x08002b10                HAL_PCD_EP_Open
 .text.HAL_PCD_EP_Close
                0x08002be0       0x94 ./system/src/stm32f4-hal/stm32f4xx_hal_pcd.o
                0x08002be0                HAL_PCD_EP_Close
 .text.HAL_PCD_EP_Receive
                0x08002c74       0xb4 ./system/src/stm32f4-hal/stm32f4xx_hal_pcd.o
                0x08002c74                HAL_PCD_EP_Receive
 .text.HAL_PCD_EP_GetRxCount
                0x08002d28       0x34 ./system/src/stm32f4-hal/stm32f4xx_hal_pcd.o
                0x08002d28                HAL_PCD_EP_GetRxCount
 .text.HAL_PCD_EP_Transmit
                0x08002d5c       0xb0 ./system/src/stm32f4-hal/stm32f4xx_hal_pcd.o
                0x08002d5c                HAL_PCD_EP_Transmit
 .text.HAL_PCD_EP_SetStall
                0x08002e0c       0xb4 ./system/src/stm32f4-hal/stm32f4xx_hal_pcd.o
                0x08002e0c                HAL_PCD_EP_SetStall
 .text.HAL_PCD_EP_ClrStall
                0x08002ec0       0x94 ./system/src/stm32f4-hal/stm32f4xx_hal_pcd.o
                0x08002ec0                HAL_PCD_EP_ClrStall
 .text.PCD_WriteEmptyTxFifo
                0x08002f54      0x104 ./system/src/stm32f4-hal/stm32f4xx_hal_pcd.o
 .text.HAL_PCDEx_SetTxFiFo
                0x08003058       0x98 ./system/src/stm32f4-hal/stm32f4xx_hal_pcd_ex.o
                0x08003058                HAL_PCDEx_SetTxFiFo
 .text.HAL_PCDEx_SetRxFiFo
                0x080030f0       0x24 ./system/src/stm32f4-hal/stm32f4xx_hal_pcd_ex.o
                0x080030f0                HAL_PCDEx_SetRxFiFo
 .text.HAL_RCC_OscConfig
                0x08003114      0x580 ./system/src/stm32f4-hal/stm32f4xx_hal_rcc.o
                0x08003114                HAL_RCC_OscConfig
 .text.HAL_RCC_ClockConfig
                0x08003694      0x338 ./system/src/stm32f4-hal/stm32f4xx_hal_rcc.o
                0x08003694                HAL_RCC_ClockConfig
 .text.HAL_RCC_GetSysClockFreq
                0x080039cc       0xfc ./system/src/stm32f4-hal/stm32f4xx_hal_rcc.o
                0x080039cc                HAL_RCC_GetSysClockFreq
 .text.HAL_RCC_GetHCLKFreq
                0x08003ac8       0x50 ./system/src/stm32f4-hal/stm32f4xx_hal_rcc.o
                0x08003ac8                HAL_RCC_GetHCLKFreq
 .text.USB_CoreInit
                0x08003b18       0xa4 ./system/src/stm32f4-hal/stm32f4xx_ll_usb.o
                0x08003b18                USB_CoreInit
 .text.USB_EnableGlobalInt
                0x08003bbc       0x24 ./system/src/stm32f4-hal/stm32f4xx_ll_usb.o
                0x08003bbc                USB_EnableGlobalInt
 .text.USB_DisableGlobalInt
                0x08003be0       0x24 ./system/src/stm32f4-hal/stm32f4xx_ll_usb.o
                0x08003be0                USB_DisableGlobalInt
 .text.USB_SetCurrentMode
                0x08003c04       0x50 ./system/src/stm32f4-hal/stm32f4xx_ll_usb.o
                0x08003c04                USB_SetCurrentMode
 .text.USB_DevInit
                0x08003c54      0x258 ./system/src/stm32f4-hal/stm32f4xx_ll_usb.o
                0x08003c54                USB_DevInit
 .text.USB_FlushTxFifo
                0x08003eac       0x4c ./system/src/stm32f4-hal/stm32f4xx_ll_usb.o
                0x08003eac                USB_FlushTxFifo
 .text.USB_FlushRxFifo
                0x08003ef8       0x44 ./system/src/stm32f4-hal/stm32f4xx_ll_usb.o
                0x08003ef8                USB_FlushRxFifo
 .text.USB_SetDevSpeed
                0x08003f3c       0x30 ./system/src/stm32f4-hal/stm32f4xx_ll_usb.o
                0x08003f3c                USB_SetDevSpeed
 .text.USB_GetDevSpeed
                0x08003f6c       0x6c ./system/src/stm32f4-hal/stm32f4xx_ll_usb.o
                0x08003f6c                USB_GetDevSpeed
 .text.USB_ActivateEndpoint
                0x08003fd8      0x114 ./system/src/stm32f4-hal/stm32f4xx_ll_usb.o
                0x08003fd8                USB_ActivateEndpoint
 .text.USB_DeactivateEndpoint
                0x080040ec       0xf8 ./system/src/stm32f4-hal/stm32f4xx_ll_usb.o
                0x080040ec                USB_DeactivateEndpoint
 .text.USB_EPStartXfer
                0x080041e4      0x484 ./system/src/stm32f4-hal/stm32f4xx_ll_usb.o
                0x080041e4                USB_EPStartXfer
 .text.USB_EP0StartXfer
                0x08004668      0x2bc ./system/src/stm32f4-hal/stm32f4xx_ll_usb.o
                0x08004668                USB_EP0StartXfer
 .text.USB_WritePacket
                0x08004924       0x6c ./system/src/stm32f4-hal/stm32f4xx_ll_usb.o
                0x08004924                USB_WritePacket
 .text.USB_ReadPacket
                0x08004990       0x50 ./system/src/stm32f4-hal/stm32f4xx_ll_usb.o
                0x08004990                USB_ReadPacket
 .text.USB_EPSetStall
                0x080049e0       0xe4 ./system/src/stm32f4-hal/stm32f4xx_ll_usb.o
                0x080049e0                USB_EPSetStall
 .text.USB_EPClearStall
                0x08004ac4       0xdc ./system/src/stm32f4-hal/stm32f4xx_ll_usb.o
                0x08004ac4                USB_EPClearStall
 .text.USB_SetDevAddress
                0x08004ba0       0x4c ./system/src/stm32f4-hal/stm32f4xx_ll_usb.o
                0x08004ba0                USB_SetDevAddress
 .text.USB_DevConnect
                0x08004bec       0x30 ./system/src/stm32f4-hal/stm32f4xx_ll_usb.o
                0x08004bec                USB_DevConnect
 .text.USB_DevDisconnect
                0x08004c1c       0x30 ./system/src/stm32f4-hal/stm32f4xx_ll_usb.o
                0x08004c1c                USB_DevDisconnect
 .text.USB_ReadInterrupts
                0x08004c4c       0x2c ./system/src/stm32f4-hal/stm32f4xx_ll_usb.o
                0x08004c4c                USB_ReadInterrupts
 .text.USB_ReadDevAllOutEpInterrupt
                0x08004c78       0x30 ./system/src/stm32f4-hal/stm32f4xx_ll_usb.o
                0x08004c78                USB_ReadDevAllOutEpInterrupt
 .text.USB_ReadDevAllInEpInterrupt
                0x08004ca8       0x30 ./system/src/stm32f4-hal/stm32f4xx_ll_usb.o
                0x08004ca8                USB_ReadDevAllInEpInterrupt
 .text.USB_ReadDevOutEPInterrupt
                0x08004cd8       0x38 ./system/src/stm32f4-hal/stm32f4xx_ll_usb.o
                0x08004cd8                USB_ReadDevOutEPInterrupt
 .text.USB_ReadDevInEPInterrupt
                0x08004d10       0x54 ./system/src/stm32f4-hal/stm32f4xx_ll_usb.o
                0x08004d10                USB_ReadDevInEPInterrupt
 .text.USB_GetMode
                0x08004d64       0x1c ./system/src/stm32f4-hal/stm32f4xx_ll_usb.o
                0x08004d64                USB_GetMode
 .text.USB_ActivateSetup
                0x08004d80       0x6c ./system/src/stm32f4-hal/stm32f4xx_ll_usb.o
                0x08004d80                USB_ActivateSetup
 .text.USB_EP0_OutStart
                0x08004dec       0x8c ./system/src/stm32f4-hal/stm32f4xx_ll_usb.o
                0x08004dec                USB_EP0_OutStart
 .text.USB_CoreReset
                0x08004e78       0x68 ./system/src/stm32f4-hal/stm32f4xx_ll_usb.o
 .text.trace_printf
                0x08004ee0       0x44 ./system/src/diag/Trace.o
                0x08004ee0                trace_printf
 .text.trace_write
                0x08004f24       0x1c ./system/src/diag/trace_impl.o
                0x08004f24                trace_write
 .text._trace_write_semihosting_debug
                0x08004f40       0xa4 ./system/src/diag/trace_impl.o
 .text.dumpExceptionStack
                0x08004fe4      0x12c ./system/src/cortexm/exception_handlers.o
                0x08004fe4                dumpExceptionStack
 .text.isSemihosting
                0x08005110       0x54 ./system/src/cortexm/exception_handlers.o
                0x08005110                isSemihosting
 .text.Reset_Handler
                0x08005164       0x50 ./system/src/cmsis/startup_stm32f401xc.o
                0x08005164                Reset_Handler
 .text.Default_Handler
                0x080051b4        0x2 ./system/src/cmsis/startup_stm32f401xc.o
                0x080051b4                RTC_Alarm_IRQHandler
                0x080051b4                EXTI2_IRQHandler
                0x080051b4                SPI4_IRQHandler
                0x080051b4                TIM1_CC_IRQHandler
                0x080051b4                DMA2_Stream5_IRQHandler
                0x080051b4                DMA1_Stream5_IRQHandler
                0x080051b4                PVD_IRQHandler
                0x080051b4                SDIO_IRQHandler
                0x080051b4                TAMP_STAMP_IRQHandler
                0x080051b4                EXTI3_IRQHandler
                0x080051b4                TIM1_UP_TIM10_IRQHandler
                0x080051b4                I2C3_ER_IRQHandler
                0x080051b4                EXTI0_IRQHandler
                0x080051b4                I2C2_EV_IRQHandler
                0x080051b4                DMA1_Stream2_IRQHandler
                0x080051b4                FPU_IRQHandler
                0x080051b4                DMA2_Stream2_IRQHandler
                0x080051b4                SPI1_IRQHandler
                0x080051b4                TIM1_BRK_TIM9_IRQHandler
                0x080051b4                DMA2_Stream3_IRQHandler
                0x080051b4                USART6_IRQHandler
                0x080051b4                DMA2_Stream0_IRQHandler
                0x080051b4                TIM4_IRQHandler
                0x080051b4                I2C1_EV_IRQHandler
                0x080051b4                DMA1_Stream6_IRQHandler
                0x080051b4                DMA1_Stream1_IRQHandler
                0x080051b4                TIM3_IRQHandler
                0x080051b4                RCC_IRQHandler
                0x080051b4                Default_Handler
                0x080051b4                EXTI15_10_IRQHandler
                0x080051b4                ADC_IRQHandler
                0x080051b4                DMA1_Stream7_IRQHandler
                0x080051b4                TIM5_IRQHandler
                0x080051b4                DMA2_Stream7_IRQHandler
                0x080051b4                I2C3_EV_IRQHandler
                0x080051b4                EXTI9_5_IRQHandler
                0x080051b4                RTC_WKUP_IRQHandler
                0x080051b4                SPI2_IRQHandler
                0x080051b4                DMA1_Stream0_IRQHandler
                0x080051b4                EXTI4_IRQHandler
                0x080051b4                WWDG_IRQHandler
                0x080051b4                TIM2_IRQHandler
                0x080051b4                OTG_FS_WKUP_IRQHandler
                0x080051b4                TIM1_TRG_COM_TIM11_IRQHandler
                0x080051b4                EXTI1_IRQHandler
                0x080051b4                USART2_IRQHandler
                0x080051b4                I2C2_ER_IRQHandler
                0x080051b4                DMA2_Stream1_IRQHandler
                0x080051b4                FLASH_IRQHandler
                0x080051b4                DMA2_Stream4_IRQHandler
                0x080051b4                USART1_IRQHandler
                0x080051b4                SPI3_IRQHandler
                0x080051b4                DMA1_Stream4_IRQHandler
                0x080051b4                I2C1_ER_IRQHandler
                0x080051b4                DMA2_Stream6_IRQHandler
                0x080051b4                DMA1_Stream3_IRQHandler
 *fill*         0x080051b6        0x2 
 .text.SystemInit
                0x080051b8       0x6c ./system/src/cmsis/system_stm32f4xx.o
                0x080051b8                SystemInit
 .text.main     0x08005224       0x44 ./src/main.o
                0x08005224                main
 .text.SystemClock_Config
                0x08005268       0xcc ./src/main.o
                0x08005268                SystemClock_Config
 .text.MX_GPIO_Init
                0x08005334      0x210 ./src/main.o
 .text.MX_ADC1_Init
                0x08005544       0x78 ./src/main.o
 .text.StartDefaultTask
                0x080055bc      0x198 ./src/main.o
                0x080055bc                StartDefaultTask
 .text.assert_failed
                0x08005754       0x18 ./src/main.o
                0x08005754                assert_failed
 .text.HAL_MspInit
                0x0800576c       0x1c ./src/stm32f4xx_hal_msp.o
                0x0800576c                HAL_MspInit
 .text.HAL_ADC_MspInit
                0x08005788       0x5c ./src/stm32f4xx_hal_msp.o
                0x08005788                HAL_ADC_MspInit
 .text.SysTick_Handler
                0x080057e4       0x10 ./src/stm32f4xx_it.o
                0x080057e4                SysTick_Handler
 .text.OTG_FS_IRQHandler
                0x080057f4       0x14 ./src/stm32f4xx_it.o
                0x080057f4                OTG_FS_IRQHandler
 .text.MX_USB_DEVICE_Init
                0x08005808       0x38 ./src/usb_device.o
                0x08005808                MX_USB_DEVICE_Init
 .text.CDC_Init_FS
                0x08005840       0x3c ./src/usbd_cdc_if.o
 .text.CDC_DeInit_FS
                0x0800587c       0x14 ./src/usbd_cdc_if.o
 .text.CDC_Control_FS
                0x08005890      0x180 ./src/usbd_cdc_if.o
 .text.CDC_Receive_FS
                0x08005a10       0x5c ./src/usbd_cdc_if.o
 .text.CDC_Transmit_FS
                0x08005a6c       0x58 ./src/usbd_cdc_if.o
                0x08005a6c                CDC_Transmit_FS
 .text.HAL_PCD_MspInit
                0x08005ac4       0x98 ./src/usbd_conf.o
                0x08005ac4                HAL_PCD_MspInit
 .text.HAL_PCD_SetupStageCallback
                0x08005b5c       0x24 ./src/usbd_conf.o
                0x08005b5c                HAL_PCD_SetupStageCallback
 .text.HAL_PCD_DataOutStageCallback
                0x08005b80       0x38 ./src/usbd_conf.o
                0x08005b80                HAL_PCD_DataOutStageCallback
 .text.HAL_PCD_DataInStageCallback
                0x08005bb8       0x34 ./src/usbd_conf.o
                0x08005bb8                HAL_PCD_DataInStageCallback
 .text.HAL_PCD_SOFCallback
                0x08005bec       0x1c ./src/usbd_conf.o
                0x08005bec                HAL_PCD_SOFCallback
 .text.HAL_PCD_ResetCallback
                0x08005c08       0x50 ./src/usbd_conf.o
                0x08005c08                HAL_PCD_ResetCallback
 .text.HAL_PCD_SuspendCallback
                0x08005c58       0x50 ./src/usbd_conf.o
                0x08005c58                HAL_PCD_SuspendCallback
 .text.HAL_PCD_ResumeCallback
                0x08005ca8       0x1c ./src/usbd_conf.o
                0x08005ca8                HAL_PCD_ResumeCallback
 .text.HAL_PCD_ISOOUTIncompleteCallback
                0x08005cc4       0x24 ./src/usbd_conf.o
                0x08005cc4                HAL_PCD_ISOOUTIncompleteCallback
 .text.HAL_PCD_ISOINIncompleteCallback
                0x08005ce8       0x24 ./src/usbd_conf.o
                0x08005ce8                HAL_PCD_ISOINIncompleteCallback
 .text.HAL_PCD_ConnectCallback
                0x08005d0c       0x1c ./src/usbd_conf.o
                0x08005d0c                HAL_PCD_ConnectCallback
 .text.HAL_PCD_DisconnectCallback
                0x08005d28       0x1c ./src/usbd_conf.o
                0x08005d28                HAL_PCD_DisconnectCallback
 .text.USBD_LL_Init
                0x08005d44       0x94 ./src/usbd_conf.o
                0x08005d44                USBD_LL_Init
 .text.USBD_LL_Start
                0x08005dd8       0x20 ./src/usbd_conf.o
                0x08005dd8                USBD_LL_Start
 .text.USBD_LL_OpenEP
                0x08005df8       0x34 ./src/usbd_conf.o
                0x08005df8                USBD_LL_OpenEP
 .text.USBD_LL_CloseEP
                0x08005e2c       0x28 ./src/usbd_conf.o
                0x08005e2c                USBD_LL_CloseEP
 .text.USBD_LL_StallEP
                0x08005e54       0x28 ./src/usbd_conf.o
                0x08005e54                USBD_LL_StallEP
 .text.USBD_LL_ClearStallEP
                0x08005e7c       0x28 ./src/usbd_conf.o
                0x08005e7c                USBD_LL_ClearStallEP
 .text.USBD_LL_IsStallEP
                0x08005ea4       0x58 ./src/usbd_conf.o
                0x08005ea4                USBD_LL_IsStallEP
 .text.USBD_LL_SetUSBAddress
                0x08005efc       0x28 ./src/usbd_conf.o
                0x08005efc                USBD_LL_SetUSBAddress
 .text.USBD_LL_Transmit
                0x08005f24       0x30 ./src/usbd_conf.o
                0x08005f24                USBD_LL_Transmit
 .text.USBD_LL_PrepareReceive
                0x08005f54       0x30 ./src/usbd_conf.o
                0x08005f54                USBD_LL_PrepareReceive
 .text.USBD_LL_GetRxDataSize
                0x08005f84       0x28 ./src/usbd_conf.o
                0x08005f84                USBD_LL_GetRxDataSize
 .text.USBD_FS_DeviceDescriptor
                0x08005fac       0x24 ./src/usbd_desc.o
                0x08005fac                USBD_FS_DeviceDescriptor
 .text.USBD_FS_LangIDStrDescriptor
                0x08005fd0       0x24 ./src/usbd_desc.o
                0x08005fd0                USBD_FS_LangIDStrDescriptor
 .text.USBD_FS_ProductStrDescriptor
                0x08005ff4       0x3c ./src/usbd_desc.o
                0x08005ff4                USBD_FS_ProductStrDescriptor
 .text.USBD_FS_ManufacturerStrDescriptor
                0x08006030       0x28 ./src/usbd_desc.o
                0x08006030                USBD_FS_ManufacturerStrDescriptor
 .text.USBD_FS_SerialStrDescriptor
                0x08006058       0x3c ./src/usbd_desc.o
                0x08006058                USBD_FS_SerialStrDescriptor
 .text.USBD_FS_ConfigStrDescriptor
                0x08006094       0x3c ./src/usbd_desc.o
                0x08006094                USBD_FS_ConfigStrDescriptor
 .text.USBD_FS_InterfaceStrDescriptor
                0x080060d0       0x3c ./src/usbd_desc.o
                0x080060d0                USBD_FS_InterfaceStrDescriptor
 .text.USBD_Init
                0x0800610c       0x58 ./Middlewares/ST/STM32_USB_Device_Library/Core/Src/usbd_core.o
                0x0800610c                USBD_Init
 .text.USBD_RegisterClass
                0x08006164       0x34 ./Middlewares/ST/STM32_USB_Device_Library/Core/Src/usbd_core.o
                0x08006164                USBD_RegisterClass
 .text.USBD_Start
                0x08006198       0x18 ./Middlewares/ST/STM32_USB_Device_Library/Core/Src/usbd_core.o
                0x08006198                USBD_Start
 .text.USBD_RunTestMode
                0x080061b0       0x18 ./Middlewares/ST/STM32_USB_Device_Library/Core/Src/usbd_core.o
                0x080061b0                USBD_RunTestMode
 .text.USBD_SetClassConfig
                0x080061c8       0x40 ./Middlewares/ST/STM32_USB_Device_Library/Core/Src/usbd_core.o
                0x080061c8                USBD_SetClassConfig
 .text.USBD_ClrClassConfig
                0x08006208       0x28 ./Middlewares/ST/STM32_USB_Device_Library/Core/Src/usbd_core.o
                0x08006208                USBD_ClrClassConfig
 .text.USBD_LL_SetupStage
                0x08006230       0x94 ./Middlewares/ST/STM32_USB_Device_Library/Core/Src/usbd_core.o
                0x08006230                USBD_LL_SetupStage
 .text.USBD_LL_DataOutStage
                0x080062c4       0xb8 ./Middlewares/ST/STM32_USB_Device_Library/Core/Src/usbd_core.o
                0x080062c4                USBD_LL_DataOutStage
 .text.USBD_LL_DataInStage
                0x0800637c      0x120 ./Middlewares/ST/STM32_USB_Device_Library/Core/Src/usbd_core.o
                0x0800637c                USBD_LL_DataInStage
 .text.USBD_LL_Reset
                0x0800649c       0x60 ./Middlewares/ST/STM32_USB_Device_Library/Core/Src/usbd_core.o
                0x0800649c                USBD_LL_Reset
 .text.USBD_LL_SetSpeed
                0x080064fc       0x20 ./Middlewares/ST/STM32_USB_Device_Library/Core/Src/usbd_core.o
                0x080064fc                USBD_LL_SetSpeed
 .text.USBD_LL_Suspend
                0x0800651c       0x2c ./Middlewares/ST/STM32_USB_Device_Library/Core/Src/usbd_core.o
                0x0800651c                USBD_LL_Suspend
 .text.USBD_LL_Resume
                0x08006548       0x24 ./Middlewares/ST/STM32_USB_Device_Library/Core/Src/usbd_core.o
                0x08006548                USBD_LL_Resume
 .text.USBD_LL_SOF
                0x0800656c       0x34 ./Middlewares/ST/STM32_USB_Device_Library/Core/Src/usbd_core.o
                0x0800656c                USBD_LL_SOF
 .text.USBD_LL_IsoINIncomplete
                0x080065a0       0x1c ./Middlewares/ST/STM32_USB_Device_Library/Core/Src/usbd_core.o
                0x080065a0                USBD_LL_IsoINIncomplete
 .text.USBD_LL_IsoOUTIncomplete
                0x080065bc       0x1c ./Middlewares/ST/STM32_USB_Device_Library/Core/Src/usbd_core.o
                0x080065bc                USBD_LL_IsoOUTIncomplete
 .text.USBD_LL_DevConnected
                0x080065d8       0x18 ./Middlewares/ST/STM32_USB_Device_Library/Core/Src/usbd_core.o
                0x080065d8                USBD_LL_DevConnected
 .text.USBD_LL_DevDisconnected
                0x080065f0       0x30 ./Middlewares/ST/STM32_USB_Device_Library/Core/Src/usbd_core.o
                0x080065f0                USBD_LL_DevDisconnected
 .text.USBD_StdDevReq
                0x08006620       0xa0 ./Middlewares/ST/STM32_USB_Device_Library/Core/Src/usbd_ctlreq.o
                0x08006620                USBD_StdDevReq
 .text.USBD_StdItfReq
                0x080066c0       0x68 ./Middlewares/ST/STM32_USB_Device_Library/Core/Src/usbd_ctlreq.o
                0x080066c0                USBD_StdItfReq
 .text.USBD_StdEPReq
                0x08006728      0x1b0 ./Middlewares/ST/STM32_USB_Device_Library/Core/Src/usbd_ctlreq.o
                0x08006728                USBD_StdEPReq
 .text.USBD_GetDescriptor
                0x080068d8      0x1e8 ./Middlewares/ST/STM32_USB_Device_Library/Core/Src/usbd_ctlreq.o
 .text.USBD_SetAddress
                0x08006ac0       0x7c ./Middlewares/ST/STM32_USB_Device_Library/Core/Src/usbd_ctlreq.o
 .text.USBD_SetConfig
                0x08006b3c      0x110 ./Middlewares/ST/STM32_USB_Device_Library/Core/Src/usbd_ctlreq.o
 .text.USBD_GetConfig
                0x08006c4c       0x64 ./Middlewares/ST/STM32_USB_Device_Library/Core/Src/usbd_ctlreq.o
 .text.USBD_GetStatus
                0x08006cb0       0x54 ./Middlewares/ST/STM32_USB_Device_Library/Core/Src/usbd_ctlreq.o
 .text.USBD_SetFeature
                0x08006d04       0x38 ./Middlewares/ST/STM32_USB_Device_Library/Core/Src/usbd_ctlreq.o
 .text.USBD_ClrFeature
                0x08006d3c       0x50 ./Middlewares/ST/STM32_USB_Device_Library/Core/Src/usbd_ctlreq.o
 .text.USBD_ParseSetupRequest
                0x08006d8c       0x7c ./Middlewares/ST/STM32_USB_Device_Library/Core/Src/usbd_ctlreq.o
                0x08006d8c                USBD_ParseSetupRequest
 .text.USBD_CtlError
                0x08006e08       0x24 ./Middlewares/ST/STM32_USB_Device_Library/Core/Src/usbd_ctlreq.o
                0x08006e08                USBD_CtlError
 .text.USBD_GetString
                0x08006e2c       0x88 ./Middlewares/ST/STM32_USB_Device_Library/Core/Src/usbd_ctlreq.o
                0x08006e2c                USBD_GetString
 .text.USBD_GetLen
                0x08006eb4       0x30 ./Middlewares/ST/STM32_USB_Device_Library/Core/Src/usbd_ctlreq.o
 .text.USBD_CtlSendData
                0x08006ee4       0x38 ./Middlewares/ST/STM32_USB_Device_Library/Core/Src/usbd_ioreq.o
                0x08006ee4                USBD_CtlSendData
 .text.USBD_CtlContinueSendData
                0x08006f1c       0x24 ./Middlewares/ST/STM32_USB_Device_Library/Core/Src/usbd_ioreq.o
                0x08006f1c                USBD_CtlContinueSendData
 .text.USBD_CtlPrepareRx
                0x08006f40       0x3c ./Middlewares/ST/STM32_USB_Device_Library/Core/Src/usbd_ioreq.o
                0x08006f40                USBD_CtlPrepareRx
 .text.USBD_CtlContinueRx
                0x08006f7c       0x24 ./Middlewares/ST/STM32_USB_Device_Library/Core/Src/usbd_ioreq.o
                0x08006f7c                USBD_CtlContinueRx
 .text.USBD_CtlSendStatus
                0x08006fa0       0x28 ./Middlewares/ST/STM32_USB_Device_Library/Core/Src/usbd_ioreq.o
                0x08006fa0                USBD_CtlSendStatus
 .text.USBD_CtlReceiveStatus
                0x08006fc8       0x28 ./Middlewares/ST/STM32_USB_Device_Library/Core/Src/usbd_ioreq.o
                0x08006fc8                USBD_CtlReceiveStatus
 .text.USBD_CDC_Init
                0x08006ff0       0xd4 ./Middlewares/ST/STM32_USB_Device_Library/Class/CDC/Src/usbd_cdc.o
 .text.USBD_CDC_DeInit
                0x080070c4       0x5c ./Middlewares/ST/STM32_USB_Device_Library/Class/CDC/Src/usbd_cdc.o
 .text.USBD_CDC_Setup
                0x08007120       0xc0 ./Middlewares/ST/STM32_USB_Device_Library/Class/CDC/Src/usbd_cdc.o
 .text.USBD_CDC_DataIn
                0x080071e0       0x38 ./Middlewares/ST/STM32_USB_Device_Library/Class/CDC/Src/usbd_cdc.o
 .text.USBD_CDC_DataOut
                0x08007218       0x58 ./Middlewares/ST/STM32_USB_Device_Library/Class/CDC/Src/usbd_cdc.o
 .text.USBD_CDC_EP0_RxReady
                0x08007270       0x50 ./Middlewares/ST/STM32_USB_Device_Library/Class/CDC/Src/usbd_cdc.o
 .text.USBD_CDC_GetFSCfgDesc
                0x080072c0       0x20 ./Middlewares/ST/STM32_USB_Device_Library/Class/CDC/Src/usbd_cdc.o
 .text.USBD_CDC_GetHSCfgDesc
                0x080072e0       0x20 ./Middlewares/ST/STM32_USB_Device_Library/Class/CDC/Src/usbd_cdc.o
 .text.USBD_CDC_GetOtherSpeedCfgDesc
                0x08007300       0x20 ./Middlewares/ST/STM32_USB_Device_Library/Class/CDC/Src/usbd_cdc.o
 .text.USBD_CDC_GetDeviceQualifierDescriptor
                0x08007320       0x20 ./Middlewares/ST/STM32_USB_Device_Library/Class/CDC/Src/usbd_cdc.o
                0x08007320                USBD_CDC_GetDeviceQualifierDescriptor
 .text.USBD_CDC_RegisterInterface
                0x08007340       0x30 ./Middlewares/ST/STM32_USB_Device_Library/Class/CDC/Src/usbd_cdc.o
                0x08007340                USBD_CDC_RegisterInterface
 .text.USBD_CDC_SetTxBuffer
                0x08007370       0x34 ./Middlewares/ST/STM32_USB_Device_Library/Class/CDC/Src/usbd_cdc.o
                0x08007370                USBD_CDC_SetTxBuffer
 .text.USBD_CDC_SetRxBuffer
                0x080073a4       0x28 ./Middlewares/ST/STM32_USB_Device_Library/Class/CDC/Src/usbd_cdc.o
                0x080073a4                USBD_CDC_SetRxBuffer
 .text.USBD_CDC_TransmitPacket
                0x080073cc       0x54 ./Middlewares/ST/STM32_USB_Device_Library/Class/CDC/Src/usbd_cdc.o
                0x080073cc                USBD_CDC_TransmitPacket
 .text.USBD_CDC_ReceivePacket
                0x08007420       0x54 ./Middlewares/ST/STM32_USB_Device_Library/Class/CDC/Src/usbd_cdc.o
                0x08007420                USBD_CDC_ReceivePacket
 .text.pvPortMalloc
                0x08007474      0x184 ./FreeRTOS/Source/portable/MemMang/heap_4.o
                0x08007474                pvPortMalloc
 .text.vPortFree
                0x080075f8       0xb0 ./FreeRTOS/Source/portable/MemMang/heap_4.o
                0x080075f8                vPortFree
 .text.prvHeapInit
                0x080076a8       0xc4 ./FreeRTOS/Source/portable/MemMang/heap_4.o
 .text.prvInsertBlockIntoFreeList
                0x0800776c       0xb4 ./FreeRTOS/Source/portable/MemMang/heap_4.o
 .text.pxPortInitialiseStack
                0x08007820       0x64 ./FreeRTOS/Source/portable/GCC/ARM_CM4F/port.o
                0x08007820                pxPortInitialiseStack
 .text.prvTaskExitError
                0x08007884       0x3c ./FreeRTOS/Source/portable/GCC/ARM_CM4F/port.o
 .text.SVC_Handler
                0x080078c0       0x24 ./FreeRTOS/Source/portable/GCC/ARM_CM4F/port.o
                0x080078c0                SVC_Handler
 .text.prvPortStartFirstTask
                0x080078e4       0x20 ./FreeRTOS/Source/portable/GCC/ARM_CM4F/port.o
 .text.xPortStartScheduler
                0x08007904      0x118 ./FreeRTOS/Source/portable/GCC/ARM_CM4F/port.o
                0x08007904                xPortStartScheduler
 .text.vPortEnterCritical
                0x08007a1c       0x5c ./FreeRTOS/Source/portable/GCC/ARM_CM4F/port.o
                0x08007a1c                vPortEnterCritical
 .text.vPortExitCritical
                0x08007a78       0x50 ./FreeRTOS/Source/portable/GCC/ARM_CM4F/port.o
                0x08007a78                vPortExitCritical
 .text.PendSV_Handler
                0x08007ac8       0x64 ./FreeRTOS/Source/portable/GCC/ARM_CM4F/port.o
                0x08007ac8                PendSV_Handler
 .text.xPortSysTickHandler
                0x08007b2c       0x48 ./FreeRTOS/Source/portable/GCC/ARM_CM4F/port.o
                0x08007b2c                xPortSysTickHandler
 .text.vPortSetupTimerInterrupt
                0x08007b74       0x38 ./FreeRTOS/Source/portable/GCC/ARM_CM4F/port.o
                0x08007b74                vPortSetupTimerInterrupt
 .text.vPortEnableVFP
                0x08007bac       0x14 ./FreeRTOS/Source/portable/GCC/ARM_CM4F/port.o
 .text.makeFreeRtosPriority
                0x08007bc0       0x30 ./FreeRTOS/Source/CMSIS_RTOS/cmsis_os.o
 .text.osKernelStart
                0x08007bf0       0x10 ./FreeRTOS/Source/CMSIS_RTOS/cmsis_os.o
                0x08007bf0                osKernelStart
 .text.osThreadCreate
                0x08007c00       0x58 ./FreeRTOS/Source/CMSIS_RTOS/cmsis_os.o
                0x08007c00                osThreadCreate
 .text.osSystickHandler
                0x08007c58       0x18 ./FreeRTOS/Source/CMSIS_RTOS/cmsis_os.o
                0x08007c58                osSystickHandler
 .text.vListInitialise
                0x08007c70       0x40 ./FreeRTOS/Source/list.o
                0x08007c70                vListInitialise
 .text.vListInitialiseItem
                0x08007cb0       0x1c ./FreeRTOS/Source/list.o
                0x08007cb0                vListInitialiseItem
 .text.vListInsertEnd
                0x08007ccc       0x48 ./FreeRTOS/Source/list.o
                0x08007ccc                vListInsertEnd
 .text.vListInsert
                0x08007d14       0x74 ./FreeRTOS/Source/list.o
                0x08007d14                vListInsert
 .text.uxListRemove
                0x08007d88       0x54 ./FreeRTOS/Source/list.o
                0x08007d88                uxListRemove
 .text.xQueueGenericReset
                0x08007ddc       0xd0 ./FreeRTOS/Source/queue.o
                0x08007ddc                xQueueGenericReset
 .text.xQueueGenericCreate
                0x08007eac       0x94 ./FreeRTOS/Source/queue.o
                0x08007eac                xQueueGenericCreate
 .text.xTaskGenericCreate
                0x08007f40      0x1a0 ./FreeRTOS/Source/tasks.o
                0x08007f40                xTaskGenericCreate
 .text.vTaskDelayUntil
                0x080080e0      0x120 ./FreeRTOS/Source/tasks.o
                0x080080e0                vTaskDelayUntil
 .text.vTaskStartScheduler
                0x08008200       0x80 ./FreeRTOS/Source/tasks.o
                0x08008200                vTaskStartScheduler
 .text.vTaskSuspendAll
                0x08008280       0x1c ./FreeRTOS/Source/tasks.o
                0x08008280                vTaskSuspendAll
 .text.xTaskResumeAll
                0x0800829c      0x128 ./FreeRTOS/Source/tasks.o
                0x0800829c                xTaskResumeAll
 .text.xTaskGetTickCount
                0x080083c4       0x24 ./FreeRTOS/Source/tasks.o
                0x080083c4                xTaskGetTickCount
 .text.xTaskIncrementTick
                0x080083e8      0x17c ./FreeRTOS/Source/tasks.o
                0x080083e8                xTaskIncrementTick
 .text.vTaskSwitchContext
                0x08008564       0xb4 ./FreeRTOS/Source/tasks.o
                0x08008564                vTaskSwitchContext
 .text.xTaskRemoveFromEventList
                0x08008618       0xc4 ./FreeRTOS/Source/tasks.o
                0x08008618                xTaskRemoveFromEventList
 .text.prvIdleTask
                0x080086dc       0x30 ./FreeRTOS/Source/tasks.o
 .text.prvInitialiseTCBVariables
                0x0800870c       0x9c ./FreeRTOS/Source/tasks.o
 .text.prvInitialiseTaskLists
                0x080087a8       0x80 ./FreeRTOS/Source/tasks.o
 .text.prvCheckTasksWaitingTermination
                0x08008828       0x78 ./FreeRTOS/Source/tasks.o
 .text.prvAddCurrentTaskToDelayedList
                0x080088a0       0x6c ./FreeRTOS/Source/tasks.o
 .text.prvAllocateTCBAndStack
                0x0800890c       0x64 ./FreeRTOS/Source/tasks.o
 .text.prvDeleteTCB
                0x08008970       0x20 ./FreeRTOS/Source/tasks.o
 .text.prvResetNextTaskUnblockTime
                0x08008990       0x4c ./FreeRTOS/Source/tasks.o
 .text.xTaskGetSchedulerState
                0x080089dc       0x3c ./FreeRTOS/Source/tasks.o
                0x080089dc                xTaskGetSchedulerState
 .text.__libc_init_array
                0x08008a18       0x4c c:/program files (x86)/gnu tools arm embedded/5.2 2015q4/bin/../lib/gcc/arm-none-eabi/5.2.1/../../../../arm-none-eabi/lib/armv7e-m/fpu\libg_nano.a(lib_a-init.o)
                0x08008a18                __libc_init_array
 .text.malloc   0x08008a64       0x10 c:/program files (x86)/gnu tools arm embedded/5.2 2015q4/bin/../lib/gcc/arm-none-eabi/5.2.1/../../../../arm-none-eabi/lib/armv7e-m/fpu\libg_nano.a(lib_a-malloc.o)
                0x08008a64                malloc
 .text.free     0x08008a74       0x10 c:/program files (x86)/gnu tools arm embedded/5.2 2015q4/bin/../lib/gcc/arm-none-eabi/5.2.1/../../../../arm-none-eabi/lib/armv7e-m/fpu\libg_nano.a(lib_a-malloc.o)
                0x08008a74                free
 .text.memcpy   0x08008a84       0x16 c:/program files (x86)/gnu tools arm embedded/5.2 2015q4/bin/../lib/gcc/arm-none-eabi/5.2.1/../../../../arm-none-eabi/lib/armv7e-m/fpu\libg_nano.a(lib_a-memcpy-stub.o)
                0x08008a84                memcpy
 .text.memset   0x08008a9a       0x10 c:/program files (x86)/gnu tools arm embedded/5.2 2015q4/bin/../lib/gcc/arm-none-eabi/5.2.1/../../../../arm-none-eabi/lib/armv7e-m/fpu\libg_nano.a(lib_a-memset.o)
                0x08008a9a                memset
 *fill*         0x08008aaa        0x2 
 .text._free_r  0x08008aac       0x8c c:/program files (x86)/gnu tools arm embedded/5.2 2015q4/bin/../lib/gcc/arm-none-eabi/5.2.1/../../../../arm-none-eabi/lib/armv7e-m/fpu\libg_nano.a(lib_a-nano-freer.o)
                0x08008aac                _free_r
 .text._malloc_r
                0x08008b38       0xa8 c:/program files (x86)/gnu tools arm embedded/5.2 2015q4/bin/../lib/gcc/arm-none-eabi/5.2.1/../../../../arm-none-eabi/lib/armv7e-m/fpu\libg_nano.a(lib_a-nano-mallocr.o)
                0x08008b38                _malloc_r
 .text.__cvt    0x08008be0       0xc8 c:/program files (x86)/gnu tools arm embedded/5.2 2015q4/bin/../lib/gcc/arm-none-eabi/5.2.1/../../../../arm-none-eabi/lib/armv7e-m/fpu\libg_nano.a(lib_a-nano-vfprintf_float.o)
                0x08008be0                __cvt
 .text.__exponent
                0x08008ca8       0x60 c:/program files (x86)/gnu tools arm embedded/5.2 2015q4/bin/../lib/gcc/arm-none-eabi/5.2.1/../../../../arm-none-eabi/lib/armv7e-m/fpu\libg_nano.a(lib_a-nano-vfprintf_float.o)
                0x08008ca8                __exponent
 .text._printf_float
                0x08008d08      0x454 c:/program files (x86)/gnu tools arm embedded/5.2 2015q4/bin/../lib/gcc/arm-none-eabi/5.2.1/../../../../arm-none-eabi/lib/armv7e-m/fpu\libg_nano.a(lib_a-nano-vfprintf_float.o)
                0x08008d08                _printf_float
 .text._printf_common
                0x0800915c       0xec c:/program files (x86)/gnu tools arm embedded/5.2 2015q4/bin/../lib/gcc/arm-none-eabi/5.2.1/../../../../arm-none-eabi/lib/armv7e-m/fpu\libg_nano.a(lib_a-nano-vfprintf_i.o)
                0x0800915c                _printf_common
 .text._printf_i
                0x08009248      0x24c c:/program files (x86)/gnu tools arm embedded/5.2 2015q4/bin/../lib/gcc/arm-none-eabi/5.2.1/../../../../arm-none-eabi/lib/armv7e-m/fpu\libg_nano.a(lib_a-nano-vfprintf_i.o)
                0x08009248                _printf_i
 .text._scanf_float
                0x08009494      0x3b8 c:/program files (x86)/gnu tools arm embedded/5.2 2015q4/bin/../lib/gcc/arm-none-eabi/5.2.1/../../../../arm-none-eabi/lib/armv7e-m/fpu\libg_nano.a(lib_a-nano-vfscanf_float.o)
                0x08009494                _scanf_float
 .text.__fpclassifyd
                0x0800984c       0x58 c:/program files (x86)/gnu tools arm embedded/5.2 2015q4/bin/../lib/gcc/arm-none-eabi/5.2.1/../../../../arm-none-eabi/lib/armv7e-m/fpu\libg_nano.a(lib_a-s_fpclassify.o)
                0x0800984c                __fpclassifyd
 .text._sbrk_r  0x080098a4       0x20 c:/program files (x86)/gnu tools arm embedded/5.2 2015q4/bin/../lib/gcc/arm-none-eabi/5.2.1/../../../../arm-none-eabi/lib/armv7e-m/fpu\libg_nano.a(lib_a-sbrkr.o)
                0x080098a4                _sbrk_r
 .text.nanf     0x080098c4        0xc c:/program files (x86)/gnu tools arm embedded/5.2 2015q4/bin/../lib/gcc/arm-none-eabi/5.2.1/../../../../arm-none-eabi/lib/armv7e-m/fpu\libg_nano.a(lib_a-sf_nan.o)
                0x080098c4                nanf
 .text.sprintf  0x080098d0       0x48 c:/program files (x86)/gnu tools arm embedded/5.2 2015q4/bin/../lib/gcc/arm-none-eabi/5.2.1/../../../../arm-none-eabi/lib/armv7e-m/fpu\libg_nano.a(lib_a-sprintf.o)
                0x080098d0                siprintf
                0x080098d0                sprintf
 .text.sscanf   0x08009918       0x54 c:/program files (x86)/gnu tools arm embedded/5.2 2015q4/bin/../lib/gcc/arm-none-eabi/5.2.1/../../../../arm-none-eabi/lib/armv7e-m/fpu\libg_nano.a(lib_a-sscanf.o)
                0x08009918                siscanf
                0x08009918                sscanf
 .text.__seofread
                0x0800996c        0x4 c:/program files (x86)/gnu tools arm embedded/5.2 2015q4/bin/../lib/gcc/arm-none-eabi/5.2.1/../../../../arm-none-eabi/lib/armv7e-m/fpu\libg_nano.a(lib_a-stdio.o)
                0x0800996c                __seofread
 .text.sulp     0x08009970       0x38 c:/program files (x86)/gnu tools arm embedded/5.2 2015q4/bin/../lib/gcc/arm-none-eabi/5.2.1/../../../../arm-none-eabi/lib/armv7e-m/fpu\libg_nano.a(lib_a-strtod.o)
 .text._strtod_r
                0x080099a8      0xc00 c:/program files (x86)/gnu tools arm embedded/5.2 2015q4/bin/../lib/gcc/arm-none-eabi/5.2.1/../../../../arm-none-eabi/lib/armv7e-m/fpu\libg_nano.a(lib_a-strtod.o)
                0x080099a8                _strtod_r
 .text._strtol_r
                0x0800a5a8      0x10c c:/program files (x86)/gnu tools arm embedded/5.2 2015q4/bin/../lib/gcc/arm-none-eabi/5.2.1/../../../../arm-none-eabi/lib/armv7e-m/fpu\libg_nano.a(lib_a-strtol.o)
                0x0800a5a8                _strtol_r
 .text._vsnprintf_r
                0x0800a6b4       0x56 c:/program files (x86)/gnu tools arm embedded/5.2 2015q4/bin/../lib/gcc/arm-none-eabi/5.2.1/../../../../arm-none-eabi/lib/armv7e-m/fpu\libg_nano.a(lib_a-vsnprintf.o)
                0x0800a6b4                _vsniprintf_r
                0x0800a6b4                _vsnprintf_r
 *fill*         0x0800a70a        0x2 
 .text.vsnprintf
                0x0800a70c       0x1c c:/program files (x86)/gnu tools arm embedded/5.2 2015q4/bin/../lib/gcc/arm-none-eabi/5.2.1/../../../../arm-none-eabi/lib/armv7e-m/fpu\libg_nano.a(lib_a-vsnprintf.o)
                0x0800a70c                vsniprintf
                0x0800a70c                vsnprintf
 .text.quorem   0x0800a728      0x11e c:/program files (x86)/gnu tools arm embedded/5.2 2015q4/bin/../lib/gcc/arm-none-eabi/5.2.1/../../../../arm-none-eabi/lib/armv7e-m/fpu\libg_nano.a(lib_a-dtoa.o)
 *fill*         0x0800a846        0x2 
 .text._dtoa_r  0x0800a848      0xb40 c:/program files (x86)/gnu tools arm embedded/5.2 2015q4/bin/../lib/gcc/arm-none-eabi/5.2.1/../../../../arm-none-eabi/lib/armv7e-m/fpu\libg_nano.a(lib_a-dtoa.o)
                0x0800a848                _dtoa_r
 .text.rshift   0x0800b388       0x6c c:/program files (x86)/gnu tools arm embedded/5.2 2015q4/bin/../lib/gcc/arm-none-eabi/5.2.1/../../../../arm-none-eabi/lib/armv7e-m/fpu\libg_nano.a(lib_a-gdtoa-gethex.o)
 .text.__hexdig_fun
                0x0800b3f4       0x2a c:/program files (x86)/gnu tools arm embedded/5.2 2015q4/bin/../lib/gcc/arm-none-eabi/5.2.1/../../../../arm-none-eabi/lib/armv7e-m/fpu\libg_nano.a(lib_a-gdtoa-gethex.o)
                0x0800b3f4                __hexdig_fun
 .text.__gethex
                0x0800b41e      0x43e c:/program files (x86)/gnu tools arm embedded/5.2 2015q4/bin/../lib/gcc/arm-none-eabi/5.2.1/../../../../arm-none-eabi/lib/armv7e-m/fpu\libg_nano.a(lib_a-gdtoa-gethex.o)
                0x0800b41e                __gethex
 .text.L_shift  0x0800b85c       0x24 c:/program files (x86)/gnu tools arm embedded/5.2 2015q4/bin/../lib/gcc/arm-none-eabi/5.2.1/../../../../arm-none-eabi/lib/armv7e-m/fpu\libg_nano.a(lib_a-gdtoa-hexnan.o)
 .text.__match  0x0800b880       0x26 c:/program files (x86)/gnu tools arm embedded/5.2 2015q4/bin/../lib/gcc/arm-none-eabi/5.2.1/../../../../arm-none-eabi/lib/armv7e-m/fpu\libg_nano.a(lib_a-gdtoa-hexnan.o)
                0x0800b880                __match
 .text.__hexnan
                0x0800b8a6      0x11c c:/program files (x86)/gnu tools arm embedded/5.2 2015q4/bin/../lib/gcc/arm-none-eabi/5.2.1/../../../../arm-none-eabi/lib/armv7e-m/fpu\libg_nano.a(lib_a-gdtoa-hexnan.o)
                0x0800b8a6                __hexnan
 *fill*         0x0800b9c2        0x2 
 .text._localeconv_r
                0x0800b9c4        0x8 c:/program files (x86)/gnu tools arm embedded/5.2 2015q4/bin/../lib/gcc/arm-none-eabi/5.2.1/../../../../arm-none-eabi/lib/armv7e-m/fpu\libg_nano.a(lib_a-locale.o)
                0x0800b9c4                _localeconv_r
 .text._Balloc  0x0800b9cc       0x6a c:/program files (x86)/gnu tools arm embedded/5.2 2015q4/bin/../lib/gcc/arm-none-eabi/5.2.1/../../../../arm-none-eabi/lib/armv7e-m/fpu\libg_nano.a(lib_a-mprec.o)
                0x0800b9cc                _Balloc
 .text._Bfree   0x0800ba36       0x2e c:/program files (x86)/gnu tools arm embedded/5.2 2015q4/bin/../lib/gcc/arm-none-eabi/5.2.1/../../../../arm-none-eabi/lib/armv7e-m/fpu\libg_nano.a(lib_a-mprec.o)
                0x0800ba36                _Bfree
 .text.__multadd
                0x0800ba64       0x76 c:/program files (x86)/gnu tools arm embedded/5.2 2015q4/bin/../lib/gcc/arm-none-eabi/5.2.1/../../../../arm-none-eabi/lib/armv7e-m/fpu\libg_nano.a(lib_a-mprec.o)
                0x0800ba64                __multadd
 .text.__s2b    0x0800bada       0x7c c:/program files (x86)/gnu tools arm embedded/5.2 2015q4/bin/../lib/gcc/arm-none-eabi/5.2.1/../../../../arm-none-eabi/lib/armv7e-m/fpu\libg_nano.a(lib_a-mprec.o)
                0x0800bada                __s2b
 .text.__hi0bits
                0x0800bb56       0x40 c:/program files (x86)/gnu tools arm embedded/5.2 2015q4/bin/../lib/gcc/arm-none-eabi/5.2.1/../../../../arm-none-eabi/lib/armv7e-m/fpu\libg_nano.a(lib_a-mprec.o)
                0x0800bb56                __hi0bits
 .text.__lo0bits
                0x0800bb96       0x5a c:/program files (x86)/gnu tools arm embedded/5.2 2015q4/bin/../lib/gcc/arm-none-eabi/5.2.1/../../../../arm-none-eabi/lib/armv7e-m/fpu\libg_nano.a(lib_a-mprec.o)
                0x0800bb96                __lo0bits
 .text.__i2b    0x0800bbf0       0x12 c:/program files (x86)/gnu tools arm embedded/5.2 2015q4/bin/../lib/gcc/arm-none-eabi/5.2.1/../../../../arm-none-eabi/lib/armv7e-m/fpu\libg_nano.a(lib_a-mprec.o)
                0x0800bbf0                __i2b
 .text.__multiply
                0x0800bc02      0x122 c:/program files (x86)/gnu tools arm embedded/5.2 2015q4/bin/../lib/gcc/arm-none-eabi/5.2.1/../../../../arm-none-eabi/lib/armv7e-m/fpu\libg_nano.a(lib_a-mprec.o)
                0x0800bc02                __multiply
 .text.__pow5mult
                0x0800bd24       0x9c c:/program files (x86)/gnu tools arm embedded/5.2 2015q4/bin/../lib/gcc/arm-none-eabi/5.2.1/../../../../arm-none-eabi/lib/armv7e-m/fpu\libg_nano.a(lib_a-mprec.o)
                0x0800bd24                __pow5mult
 .text.__lshift
                0x0800bdc0       0xa2 c:/program files (x86)/gnu tools arm embedded/5.2 2015q4/bin/../lib/gcc/arm-none-eabi/5.2.1/../../../../arm-none-eabi/lib/armv7e-m/fpu\libg_nano.a(lib_a-mprec.o)
                0x0800bdc0                __lshift
 .text.__mcmp   0x0800be62       0x38 c:/program files (x86)/gnu tools arm embedded/5.2 2015q4/bin/../lib/gcc/arm-none-eabi/5.2.1/../../../../arm-none-eabi/lib/armv7e-m/fpu\libg_nano.a(lib_a-mprec.o)
                0x0800be62                __mcmp
 .text.__mdiff  0x0800be9a       0xbe c:/program files (x86)/gnu tools arm embedded/5.2 2015q4/bin/../lib/gcc/arm-none-eabi/5.2.1/../../../../arm-none-eabi/lib/armv7e-m/fpu\libg_nano.a(lib_a-mprec.o)
                0x0800be9a                __mdiff
 .text.__ulp    0x0800bf58       0x50 c:/program files (x86)/gnu tools arm embedded/5.2 2015q4/bin/../lib/gcc/arm-none-eabi/5.2.1/../../../../arm-none-eabi/lib/armv7e-m/fpu\libg_nano.a(lib_a-mprec.o)
                0x0800bf58                __ulp
 .text.__b2d    0x0800bfa8       0x9a c:/program files (x86)/gnu tools arm embedded/5.2 2015q4/bin/../lib/gcc/arm-none-eabi/5.2.1/../../../../arm-none-eabi/lib/armv7e-m/fpu\libg_nano.a(lib_a-mprec.o)
                0x0800bfa8                __b2d
 .text.__d2b    0x0800c042       0x9c c:/program files (x86)/gnu tools arm embedded/5.2 2015q4/bin/../lib/gcc/arm-none-eabi/5.2.1/../../../../arm-none-eabi/lib/armv7e-m/fpu\libg_nano.a(lib_a-mprec.o)
                0x0800c042                __d2b
 .text.__ratio  0x0800c0de       0x54 c:/program files (x86)/gnu tools arm embedded/5.2 2015q4/bin/../lib/gcc/arm-none-eabi/5.2.1/../../../../arm-none-eabi/lib/armv7e-m/fpu\libg_nano.a(lib_a-mprec.o)
                0x0800c0de                __ratio
 .text.__copybits
                0x0800c132       0x34 c:/program files (x86)/gnu tools arm embedded/5.2 2015q4/bin/../lib/gcc/arm-none-eabi/5.2.1/../../../../arm-none-eabi/lib/armv7e-m/fpu\libg_nano.a(lib_a-mprec.o)
                0x0800c132                __copybits
 .text.__any_on
                0x0800c166       0x44 c:/program files (x86)/gnu tools arm embedded/5.2 2015q4/bin/../lib/gcc/arm-none-eabi/5.2.1/../../../../arm-none-eabi/lib/armv7e-m/fpu\libg_nano.a(lib_a-mprec.o)
                0x0800c166                __any_on
 .text._calloc_r
                0x0800c1aa       0x1c c:/program files (x86)/gnu tools arm embedded/5.2 2015q4/bin/../lib/gcc/arm-none-eabi/5.2.1/../../../../arm-none-eabi/lib/armv7e-m/fpu\libg_nano.a(lib_a-nano-callocr.o)
                0x0800c1aa                _calloc_r
 .text.__ssputs_r
                0x0800c1c6       0xb2 c:/program files (x86)/gnu tools arm embedded/5.2 2015q4/bin/../lib/gcc/arm-none-eabi/5.2.1/../../../../arm-none-eabi/lib/armv7e-m/fpu\libg_nano.a(lib_a-nano-svfprintf.o)
                0x0800c1c6                __ssputs_r
 .text._svfprintf_r
                0x0800c278      0x1e8 c:/program files (x86)/gnu tools arm embedded/5.2 2015q4/bin/../lib/gcc/arm-none-eabi/5.2.1/../../../../arm-none-eabi/lib/armv7e-m/fpu\libg_nano.a(lib_a-nano-svfprintf.o)
                0x0800c278                _svfiprintf_r
                0x0800c278                _svfprintf_r
 .text._sungetc_r
                0x0800c460       0x7c c:/program files (x86)/gnu tools arm embedded/5.2 2015q4/bin/../lib/gcc/arm-none-eabi/5.2.1/../../../../arm-none-eabi/lib/armv7e-m/fpu\libg_nano.a(lib_a-nano-svfscanf.o)
                0x0800c460                _sungetc_r
 .text.__ssrefill_r
                0x0800c4dc       0x3a c:/program files (x86)/gnu tools arm embedded/5.2 2015q4/bin/../lib/gcc/arm-none-eabi/5.2.1/../../../../arm-none-eabi/lib/armv7e-m/fpu\libg_nano.a(lib_a-nano-svfscanf.o)
                0x0800c4dc                __ssrefill_r
 *fill*         0x0800c516        0x2 
 .text.__ssvfscanf_r
                0x0800c518      0x29c c:/program files (x86)/gnu tools arm embedded/5.2 2015q4/bin/../lib/gcc/arm-none-eabi/5.2.1/../../../../arm-none-eabi/lib/armv7e-m/fpu\libg_nano.a(lib_a-nano-svfscanf.o)
                0x0800c518                __ssvfiscanf_r
                0x0800c518                __ssvfscanf_r
 .text._scanf_chars
                0x0800c7b4       0xc8 c:/program files (x86)/gnu tools arm embedded/5.2 2015q4/bin/../lib/gcc/arm-none-eabi/5.2.1/../../../../arm-none-eabi/lib/armv7e-m/fpu\libg_nano.a(lib_a-nano-vfscanf_i.o)
                0x0800c7b4                _scanf_chars
 .text._scanf_i
                0x0800c87c      0x1e4 c:/program files (x86)/gnu tools arm embedded/5.2 2015q4/bin/../lib/gcc/arm-none-eabi/5.2.1/../../../../arm-none-eabi/lib/armv7e-m/fpu\libg_nano.a(lib_a-nano-vfscanf_i.o)
                0x0800c87c                _scanf_i
 .text.__sccl   0x0800ca60       0x62 c:/program files (x86)/gnu tools arm embedded/5.2 2015q4/bin/../lib/gcc/arm-none-eabi/5.2.1/../../../../arm-none-eabi/lib/armv7e-m/fpu\libg_nano.a(lib_a-sccl.o)
                0x0800ca60                __sccl
 .text.strncmp  0x0800cac2       0x2a c:/program files (x86)/gnu tools arm embedded/5.2 2015q4/bin/../lib/gcc/arm-none-eabi/5.2.1/../../../../arm-none-eabi/lib/armv7e-m/fpu\libg_nano.a(lib_a-strncmp.o)
                0x0800cac2                strncmp
 .text._strtoul_r
                0x0800caec       0xfc c:/program files (x86)/gnu tools arm embedded/5.2 2015q4/bin/../lib/gcc/arm-none-eabi/5.2.1/../../../../arm-none-eabi/lib/armv7e-m/fpu\libg_nano.a(lib_a-strtoul.o)
                0x0800caec                _strtoul_r
 .text.__submore
                0x0800cbe8       0x76 c:/program files (x86)/gnu tools arm embedded/5.2 2015q4/bin/../lib/gcc/arm-none-eabi/5.2.1/../../../../arm-none-eabi/lib/armv7e-m/fpu\libg_nano.a(lib_a-ungetc.o)
                0x0800cbe8                __submore
 .text.memmove  0x0800cc5e       0x36 c:/program files (x86)/gnu tools arm embedded/5.2 2015q4/bin/../lib/gcc/arm-none-eabi/5.2.1/../../../../arm-none-eabi/lib/armv7e-m/fpu\libg_nano.a(lib_a-memmove.o)
                0x0800cc5e                memmove
 .text._realloc_r
                0x0800cc94       0x4c c:/program files (x86)/gnu tools arm embedded/5.2 2015q4/bin/../lib/gcc/arm-none-eabi/5.2.1/../../../../arm-none-eabi/lib/armv7e-m/fpu\libg_nano.a(lib_a-nano-reallocr.o)
                0x0800cc94                _realloc_r
 .text._malloc_usable_size_r
                0x0800cce0       0x14 c:/program files (x86)/gnu tools arm embedded/5.2 2015q4/bin/../lib/gcc/arm-none-eabi/5.2.1/../../../../arm-none-eabi/lib/armv7e-m/fpu\libg_nano.a(lib_a-nano-msizer.o)
                0x0800cce0                _malloc_usable_size_r
 .text._sbrk    0x0800ccf4       0x48 c:/program files (x86)/gnu tools arm embedded/5.2 2015q4/bin/../lib/gcc/arm-none-eabi/5.2.1/../../../../arm-none-eabi/lib/armv7e-m/fpu\librdimon_nano.a(rdimon-syscalls.o)
                0x0800ccf4                _sbrk
 .text.__errno  0x0800cd3c        0xc c:/program files (x86)/gnu tools arm embedded/5.2 2015q4/bin/../lib/gcc/arm-none-eabi/5.2.1/../../../../arm-none-eabi/lib/armv7e-m/fpu\libc_nano.a(lib_a-errno.o)
                0x0800cd3c                __errno
 *(.glue_7)
 .glue_7        0x0800cd48        0x0 linker stubs
 *(.glue_7t)
 .glue_7t       0x0800cd48        0x0 linker stubs
 *(.eh_frame)
 .eh_frame      0x0800cd48        0x0 c:/program files (x86)/gnu tools arm embedded/5.2 2015q4/bin/../lib/gcc/arm-none-eabi/5.2.1/armv7e-m/fpu/crtbegin.o
 *(.init)
 .init          0x0800cd48        0x4 c:/program files (x86)/gnu tools arm embedded/5.2 2015q4/bin/../lib/gcc/arm-none-eabi/5.2.1/armv7e-m/fpu/crti.o
                0x0800cd48                _init
 .init          0x0800cd4c        0x8 c:/program files (x86)/gnu tools arm embedded/5.2 2015q4/bin/../lib/gcc/arm-none-eabi/5.2.1/armv7e-m/fpu/crtn.o
 *(.fini)
 .fini          0x0800cd54        0x4 c:/program files (x86)/gnu tools arm embedded/5.2 2015q4/bin/../lib/gcc/arm-none-eabi/5.2.1/armv7e-m/fpu/crti.o
                0x0800cd54                _fini
 .fini          0x0800cd58        0x8 c:/program files (x86)/gnu tools arm embedded/5.2 2015q4/bin/../lib/gcc/arm-none-eabi/5.2.1/armv7e-m/fpu/crtn.o
                0x0800cd60                . = ALIGN (0x4)
                0x0800cd60                _etext = .

.vfp11_veneer   0x0800cd60        0x0
 .vfp11_veneer  0x0800cd60        0x0 linker stubs

.v4_bx          0x0800cd60        0x0
 .v4_bx         0x0800cd60        0x0 linker stubs

.iplt           0x0800cd60        0x0
 .iplt          0x0800cd60        0x0 c:/program files (x86)/gnu tools arm embedded/5.2 2015q4/bin/../lib/gcc/arm-none-eabi/5.2.1/armv7e-m/fpu/crtbegin.o

.after_vectors  0x0800cd60      0x180
 .after_vectors
                0x0800cd60      0x180 ./system/src/cortexm/exception_handlers.o
                0x0800cd60                NMI_Handler
                0x0800cd68                HardFault_Handler
                0x0800cd80                HardFault_Handler_C
                0x0800cdf4                MemManage_Handler
                0x0800cdfc                BusFault_Handler
                0x0800ce14                BusFault_Handler_C
                0x0800ce54                UsageFault_Handler
                0x0800ce6c                UsageFault_Handler_C
                0x0800ceb4                DebugMon_Handler

.rodata         0x0800cee0      0x668
                0x0800cee0                . = ALIGN (0x4)
 *(.rodata)
 .rodata        0x0800cee0       0x2e ./system/src/stm32f4-hal/stm32f4xx_hal_adc.o
 *fill*         0x0800cf0e        0x2 
 .rodata        0x0800cf10       0x31 ./system/src/stm32f4-hal/stm32f4xx_hal_cortex.o
 *fill*         0x0800cf41        0x3 
 .rodata        0x0800cf44       0x2f ./system/src/stm32f4-hal/stm32f4xx_hal_gpio.o
 *fill*         0x0800cf73        0x1 
 .rodata        0x0800cf74       0x2e ./system/src/stm32f4-hal/stm32f4xx_hal_pcd.o
 *fill*         0x0800cfa2        0x2 
 .rodata        0x0800cfa4       0x2e ./system/src/stm32f4-hal/stm32f4xx_hal_rcc.o
 *fill*         0x0800cfd2        0x2 
 .rodata        0x0800cfd4      0x146 ./system/src/cortexm/exception_handlers.o
 *fill*         0x0800d11a        0x2 
 .rodata        0x0800d11c       0x75 ./src/main.o
 *fill*         0x0800d191        0x3 
 .rodata        0x0800d194        0x7 ./src/usbd_cdc_if.o
 *fill*         0x0800d19b        0x1 
 .rodata        0x0800d19c       0x56 ./src/usbd_desc.o
 *fill*         0x0800d1f2        0x2 
 .rodata        0x0800d1f4        0x5 ./FreeRTOS/Source/tasks.o
 *fill*         0x0800d1f9        0x3 
 .rodata        0x0800d1fc        0xc c:/program files (x86)/gnu tools arm embedded/5.2 2015q4/bin/../lib/gcc/arm-none-eabi/5.2.1/../../../../arm-none-eabi/lib/armv7e-m/fpu\libg_nano.a(lib_a-nano-vfscanf_i.o)
 *(.rodata*)
 .rodata.APBAHBPrescTable
                0x0800d208       0x10 ./system/src/stm32f4-hal/stm32f4xx_hal_rcc.o
                0x0800d208                APBAHBPrescTable
 .rodata.str1.1
                0x0800d218        0x2 c:/program files (x86)/gnu tools arm embedded/5.2 2015q4/bin/../lib/gcc/arm-none-eabi/5.2.1/../../../../arm-none-eabi/lib/armv7e-m/fpu\libg_nano.a(lib_a-impure.o)
 .rodata.str1.1
                0x0800d21a       0x10 c:/program files (x86)/gnu tools arm embedded/5.2 2015q4/bin/../lib/gcc/arm-none-eabi/5.2.1/../../../../arm-none-eabi/lib/armv7e-m/fpu\libg_nano.a(lib_a-nano-vfprintf_float.o)
                                 0x12 (size before relaxing)
 .rodata.str1.1
                0x0800d22a       0x22 c:/program files (x86)/gnu tools arm embedded/5.2 2015q4/bin/../lib/gcc/arm-none-eabi/5.2.1/../../../../arm-none-eabi/lib/armv7e-m/fpu\libg_nano.a(lib_a-nano-vfprintf_i.o)
 .rodata.str1.1
                0x0800d24c        0x5 c:/program files (x86)/gnu tools arm embedded/5.2 2015q4/bin/../lib/gcc/arm-none-eabi/5.2.1/../../../../arm-none-eabi/lib/armv7e-m/fpu\libg_nano.a(lib_a-nano-vfscanf_float.o)
 *fill*         0x0800d251        0x3 
 .rodata.fpinan.5409
                0x0800d254       0x14 c:/program files (x86)/gnu tools arm embedded/5.2 2015q4/bin/../lib/gcc/arm-none-eabi/5.2.1/../../../../arm-none-eabi/lib/armv7e-m/fpu\libg_nano.a(lib_a-strtod.o)
 .rodata.str1.1
                0x0800d268        0x5 c:/program files (x86)/gnu tools arm embedded/5.2 2015q4/bin/../lib/gcc/arm-none-eabi/5.2.1/../../../../arm-none-eabi/lib/armv7e-m/fpu\libg_nano.a(lib_a-strtod.o)
                                  0xc (size before relaxing)
 .rodata.fpi.5373
                0x0800d268       0x14 c:/program files (x86)/gnu tools arm embedded/5.2 2015q4/bin/../lib/gcc/arm-none-eabi/5.2.1/../../../../arm-none-eabi/lib/armv7e-m/fpu\libg_nano.a(lib_a-strtod.o)
 *fill*         0x0800d27c        0x4 
 .rodata.tinytens
                0x0800d280       0x28 c:/program files (x86)/gnu tools arm embedded/5.2 2015q4/bin/../lib/gcc/arm-none-eabi/5.2.1/../../../../arm-none-eabi/lib/armv7e-m/fpu\libg_nano.a(lib_a-strtod.o)
 .rodata._ctype_
                0x0800d2a8      0x101 c:/program files (x86)/gnu tools arm embedded/5.2 2015q4/bin/../lib/gcc/arm-none-eabi/5.2.1/../../../../arm-none-eabi/lib/armv7e-m/fpu\libg_nano.a(lib_a-ctype_.o)
                0x0800d2a8                _ctype_
 .rodata.str1.1
                0x0800d3a9        0xd c:/program files (x86)/gnu tools arm embedded/5.2 2015q4/bin/../lib/gcc/arm-none-eabi/5.2.1/../../../../arm-none-eabi/lib/armv7e-m/fpu\libg_nano.a(lib_a-dtoa.o)
                                  0xf (size before relaxing)
 .rodata.str1.1
                0x0800d3b6        0x8 c:/program files (x86)/gnu tools arm embedded/5.2 2015q4/bin/../lib/gcc/arm-none-eabi/5.2.1/../../../../arm-none-eabi/lib/armv7e-m/fpu\libg_nano.a(lib_a-locale.o)
                                  0xb (size before relaxing)
 *fill*         0x0800d3be        0x2 
 .rodata.__mprec_tens
                0x0800d3c0       0xc8 c:/program files (x86)/gnu tools arm embedded/5.2 2015q4/bin/../lib/gcc/arm-none-eabi/5.2.1/../../../../arm-none-eabi/lib/armv7e-m/fpu\libg_nano.a(lib_a-mprec.o)
                0x0800d3c0                __mprec_tens
 .rodata.__mprec_bigtens
                0x0800d488       0x28 c:/program files (x86)/gnu tools arm embedded/5.2 2015q4/bin/../lib/gcc/arm-none-eabi/5.2.1/../../../../arm-none-eabi/lib/armv7e-m/fpu\libg_nano.a(lib_a-mprec.o)
                0x0800d488                __mprec_bigtens
 .rodata.p05.5416
                0x0800d4b0        0xc c:/program files (x86)/gnu tools arm embedded/5.2 2015q4/bin/../lib/gcc/arm-none-eabi/5.2.1/../../../../arm-none-eabi/lib/armv7e-m/fpu\libg_nano.a(lib_a-mprec.o)
 .rodata.str1.1
                0x0800d4bc       0x11 c:/program files (x86)/gnu tools arm embedded/5.2 2015q4/bin/../lib/gcc/arm-none-eabi/5.2.1/../../../../arm-none-eabi/lib/armv7e-m/fpu\libg_nano.a(lib_a-nano-svfprintf.o)
 .rodata.str1.1
                0x0800d4cd        0x4 c:/program files (x86)/gnu tools arm embedded/5.2 2015q4/bin/../lib/gcc/arm-none-eabi/5.2.1/../../../../arm-none-eabi/lib/armv7e-m/fpu\libg_nano.a(lib_a-nano-svfscanf.o)
 .rodata.str1.1
                0x0800d4cd       0x1b c:/program files (x86)/gnu tools arm embedded/5.2 2015q4/bin/../lib/gcc/arm-none-eabi/5.2.1/../../../../arm-none-eabi/lib/armv7e-m/fpu\libg_nano.a(lib_a-nano-vfscanf_i.o)
 .rodata.__sf_fake_stdin
                0x0800d4e8       0x20 c:/program files (x86)/gnu tools arm embedded/5.2 2015q4/bin/../lib/gcc/arm-none-eabi/5.2.1/../../../../arm-none-eabi/lib/armv7e-m/fpu\libg_nano.a(lib_a-findfp.o)
                0x0800d4e8                __sf_fake_stdin
 .rodata.__sf_fake_stdout
                0x0800d508       0x20 c:/program files (x86)/gnu tools arm embedded/5.2 2015q4/bin/../lib/gcc/arm-none-eabi/5.2.1/../../../../arm-none-eabi/lib/armv7e-m/fpu\libg_nano.a(lib_a-findfp.o)
                0x0800d508                __sf_fake_stdout
 .rodata.__sf_fake_stderr
                0x0800d528       0x20 c:/program files (x86)/gnu tools arm embedded/5.2 2015q4/bin/../lib/gcc/arm-none-eabi/5.2.1/../../../../arm-none-eabi/lib/armv7e-m/fpu\libg_nano.a(lib_a-findfp.o)
                0x0800d528                __sf_fake_stderr
                0x0800d548                . = ALIGN (0x4)

.rel.dyn        0x0800d548        0x0
 .rel.iplt      0x0800d548        0x0 c:/program files (x86)/gnu tools arm embedded/5.2 2015q4/bin/../lib/gcc/arm-none-eabi/5.2.1/armv7e-m/fpu/crtbegin.o

.ARM.extab
 *(.ARM.extab* .gnu.linkonce.armextab.*)

.ARM            0x0800d548        0x0
                0x0800d548                __exidx_start = .
 *(.ARM.exidx*)
                0x0800d548                __exidx_end = .

.preinit_array  0x0800d548        0x0
                0x0800d548                PROVIDE (__preinit_array_start, .)
 *(.preinit_array*)
                0x0800d548                PROVIDE (__preinit_array_end, .)

.init_array     0x0800d548        0x4
                0x0800d548                PROVIDE (__init_array_start, .)
 *(SORT(.init_array.*))
 *(.init_array*)
 .init_array    0x0800d548        0x4 c:/program files (x86)/gnu tools arm embedded/5.2 2015q4/bin/../lib/gcc/arm-none-eabi/5.2.1/armv7e-m/fpu/crtbegin.o
                0x0800d54c                PROVIDE (__init_array_end, .)

.fini_array     0x0800d54c        0x4
                0x0800d54c                PROVIDE (__fini_array_start, .)
 *(SORT(.fini_array.*))
 *(.fini_array*)
 .fini_array    0x0800d54c        0x4 c:/program files (x86)/gnu tools arm embedded/5.2 2015q4/bin/../lib/gcc/arm-none-eabi/5.2.1/armv7e-m/fpu/crtbegin.o
                0x0800d550                PROVIDE (__fini_array_end, .)
                0x0800d550                _sidata = LOADADDR (.data)

.data           0x20000000      0x20c load address 0x0800d550
                0x20000000                . = ALIGN (0x4)
                0x20000000                _sdata = .
 *(.data)
 *(.data*)
 .data.SystemCoreClock
                0x20000000        0x4 ./system/src/cmsis/system_stm32f4xx.o
                0x20000000                SystemCoreClock
 .data.USBD_Interface_fops_FS
                0x20000004       0x10 ./src/usbd_cdc_if.o
                0x20000004                USBD_Interface_fops_FS
 .data.linecoding
                0x20000014        0x8 ./src/usbd_cdc_if.o
                0x20000014                linecoding
 .data.FS_Desc  0x2000001c       0x1c ./src/usbd_desc.o
                0x2000001c                FS_Desc
 .data.USBD_FS_DeviceDesc
                0x20000038       0x12 ./src/usbd_desc.o
                0x20000038                USBD_FS_DeviceDesc
 *fill*         0x2000004a        0x2 
 .data.USBD_LangIDDesc
                0x2000004c        0x4 ./src/usbd_desc.o
                0x2000004c                USBD_LangIDDesc
 .data.USBD_CDC_DeviceQualifierDesc
                0x20000050        0xa ./Middlewares/ST/STM32_USB_Device_Library/Class/CDC/Src/usbd_cdc.o
 *fill*         0x2000005a        0x2 
 .data.USBD_CDC
                0x2000005c       0x38 ./Middlewares/ST/STM32_USB_Device_Library/Class/CDC/Src/usbd_cdc.o
                0x2000005c                USBD_CDC
 .data.USBD_CDC_CfgHSDesc
                0x20000094       0x43 ./Middlewares/ST/STM32_USB_Device_Library/Class/CDC/Src/usbd_cdc.o
                0x20000094                USBD_CDC_CfgHSDesc
 *fill*         0x200000d7        0x1 
 .data.USBD_CDC_CfgFSDesc
                0x200000d8       0x43 ./Middlewares/ST/STM32_USB_Device_Library/Class/CDC/Src/usbd_cdc.o
                0x200000d8                USBD_CDC_CfgFSDesc
 *fill*         0x2000011b        0x1 
 .data.USBD_CDC_OtherSpeedCfgDesc
                0x2000011c       0x43 ./Middlewares/ST/STM32_USB_Device_Library/Class/CDC/Src/usbd_cdc.o
                0x2000011c                USBD_CDC_OtherSpeedCfgDesc
 *fill*         0x2000015f        0x1 
 .data.uxCriticalNesting
                0x20000160        0x4 ./FreeRTOS/Source/portable/GCC/ARM_CM4F/port.o
 .data.xNextTaskUnblockTime
                0x20000164        0x4 ./FreeRTOS/Source/tasks.o
 .data.impure_data
                0x20000168       0x60 c:/program files (x86)/gnu tools arm embedded/5.2 2015q4/bin/../lib/gcc/arm-none-eabi/5.2.1/../../../../arm-none-eabi/lib/armv7e-m/fpu\libg_nano.a(lib_a-impure.o)
 .data._impure_ptr
                0x200001c8        0x4 c:/program files (x86)/gnu tools arm embedded/5.2 2015q4/bin/../lib/gcc/arm-none-eabi/5.2.1/../../../../arm-none-eabi/lib/armv7e-m/fpu\libg_nano.a(lib_a-impure.o)
                0x200001c8                _impure_ptr
 .data.__ctype_ptr__
                0x200001cc        0x4 c:/program files (x86)/gnu tools arm embedded/5.2 2015q4/bin/../lib/gcc/arm-none-eabi/5.2.1/../../../../arm-none-eabi/lib/armv7e-m/fpu\libg_nano.a(lib_a-ctype_.o)
                0x200001cc                __ctype_ptr__
 .data.lconv    0x200001d0       0x38 c:/program files (x86)/gnu tools arm embedded/5.2 2015q4/bin/../lib/gcc/arm-none-eabi/5.2.1/../../../../arm-none-eabi/lib/armv7e-m/fpu\libg_nano.a(lib_a-locale.o)
 .data.__heap_limit
                0x20000208        0x4 c:/program files (x86)/gnu tools arm embedded/5.2 2015q4/bin/../lib/gcc/arm-none-eabi/5.2.1/../../../../arm-none-eabi/lib/armv7e-m/fpu\librdimon_nano.a(rdimon-syscalls.o)
                0x20000208                __heap_limit
                0x2000020c                . = ALIGN (0x4)
                0x2000020c                _edata = .

.jcr            0x2000020c        0x0 load address 0x0800d75c
 .jcr           0x2000020c        0x0 c:/program files (x86)/gnu tools arm embedded/5.2 2015q4/bin/../lib/gcc/arm-none-eabi/5.2.1/armv7e-m/fpu/crtbegin.o

.tm_clone_table
                0x2000020c        0x0 load address 0x0800d75c
 .tm_clone_table
                0x2000020c        0x0 c:/program files (x86)/gnu tools arm embedded/5.2 2015q4/bin/../lib/gcc/arm-none-eabi/5.2.1/armv7e-m/fpu/crtbegin.o
 .tm_clone_table
                0x2000020c        0x0 c:/program files (x86)/gnu tools arm embedded/5.2 2015q4/bin/../lib/gcc/arm-none-eabi/5.2.1/armv7e-m/fpu/crtend.o

.igot.plt       0x2000020c        0x0 load address 0x0800d75c
 .igot.plt      0x2000020c        0x0 c:/program files (x86)/gnu tools arm embedded/5.2 2015q4/bin/../lib/gcc/arm-none-eabi/5.2.1/armv7e-m/fpu/crtbegin.o
                0x2000020c                . = ALIGN (0x4)

.bss            0x2000020c     0x3150 load address 0x0800d75c
                0x2000020c                _sbss = .
                0x2000020c                __bss_start__ = _sbss
 *(.bss)
 .bss           0x2000020c       0x1c c:/program files (x86)/gnu tools arm embedded/5.2 2015q4/bin/../lib/gcc/arm-none-eabi/5.2.1/armv7e-m/fpu/crtbegin.o
 *(.bss*)
 .bss.buf.5080  0x20000228       0x80 ./system/src/diag/Trace.o
 .bss.cfgidx.9691
                0x200002a8        0x1 ./Middlewares/ST/STM32_USB_Device_Library/Core/Src/usbd_ctlreq.o
 .bss.ifalt.9686
                0x200002a9        0x1 ./Middlewares/ST/STM32_USB_Device_Library/Class/CDC/Src/usbd_cdc.o
 *fill*         0x200002aa        0x2 
 .bss.ucHeap    0x200002ac     0x2710 ./FreeRTOS/Source/portable/MemMang/heap_4.o
 .bss.xStart    0x200029bc        0x8 ./FreeRTOS/Source/portable/MemMang/heap_4.o
 .bss.pxEnd     0x200029c4        0x4 ./FreeRTOS/Source/portable/MemMang/heap_4.o
 .bss.xFreeBytesRemaining
                0x200029c8        0x4 ./FreeRTOS/Source/portable/MemMang/heap_4.o
 .bss.xMinimumEverFreeBytesRemaining
                0x200029cc        0x4 ./FreeRTOS/Source/portable/MemMang/heap_4.o
 .bss.xBlockAllocatedBit
                0x200029d0        0x4 ./FreeRTOS/Source/portable/MemMang/heap_4.o
 .bss.ucMaxSysCallPriority
                0x200029d4        0x1 ./FreeRTOS/Source/portable/GCC/ARM_CM4F/port.o
 *fill*         0x200029d5        0x3 
 .bss.ulMaxPRIGROUPValue
                0x200029d8        0x4 ./FreeRTOS/Source/portable/GCC/ARM_CM4F/port.o
 .bss.pxCurrentTCB
                0x200029dc        0x4 ./FreeRTOS/Source/tasks.o
                0x200029dc                pxCurrentTCB
 .bss.pxReadyTasksLists
                0x200029e0       0x8c ./FreeRTOS/Source/tasks.o
 .bss.xDelayedTaskList1
                0x20002a6c       0x14 ./FreeRTOS/Source/tasks.o
 .bss.xDelayedTaskList2
                0x20002a80       0x14 ./FreeRTOS/Source/tasks.o
 .bss.pxDelayedTaskList
                0x20002a94        0x4 ./FreeRTOS/Source/tasks.o
 .bss.pxOverflowDelayedTaskList
                0x20002a98        0x4 ./FreeRTOS/Source/tasks.o
 .bss.xPendingReadyList
                0x20002a9c       0x14 ./FreeRTOS/Source/tasks.o
 .bss.xTasksWaitingTermination
                0x20002ab0       0x14 ./FreeRTOS/Source/tasks.o
 .bss.uxTasksDeleted
                0x20002ac4        0x4 ./FreeRTOS/Source/tasks.o
 .bss.xSuspendedTaskList
                0x20002ac8       0x14 ./FreeRTOS/Source/tasks.o
 .bss.uxCurrentNumberOfTasks
                0x20002adc        0x4 ./FreeRTOS/Source/tasks.o
 .bss.xTickCount
                0x20002ae0        0x4 ./FreeRTOS/Source/tasks.o
 .bss.uxTopReadyPriority
                0x20002ae4        0x4 ./FreeRTOS/Source/tasks.o
 .bss.xSchedulerRunning
                0x20002ae8        0x4 ./FreeRTOS/Source/tasks.o
 .bss.uxPendedTicks
                0x20002aec        0x4 ./FreeRTOS/Source/tasks.o
 .bss.xYieldPending
                0x20002af0        0x4 ./FreeRTOS/Source/tasks.o
 .bss.xNumOfOverflows
                0x20002af4        0x4 ./FreeRTOS/Source/tasks.o
 .bss.uxTaskNumber
                0x20002af8        0x4 ./FreeRTOS/Source/tasks.o
 .bss.uxSchedulerSuspended
                0x20002afc        0x4 ./FreeRTOS/Source/tasks.o
 .bss.__malloc_sbrk_start
                0x20002b00        0x4 c:/program files (x86)/gnu tools arm embedded/5.2 2015q4/bin/../lib/gcc/arm-none-eabi/5.2.1/../../../../arm-none-eabi/lib/armv7e-m/fpu\libg_nano.a(lib_a-nano-mallocr.o)
                0x20002b00                __malloc_sbrk_start
 .bss.__malloc_free_list
                0x20002b04        0x4 c:/program files (x86)/gnu tools arm embedded/5.2 2015q4/bin/../lib/gcc/arm-none-eabi/5.2.1/../../../../arm-none-eabi/lib/armv7e-m/fpu\libg_nano.a(lib_a-nano-mallocr.o)
                0x20002b04                __malloc_free_list
 .bss.heap_end.6110
                0x20002b08        0x4 c:/program files (x86)/gnu tools arm embedded/5.2 2015q4/bin/../lib/gcc/arm-none-eabi/5.2.1/../../../../arm-none-eabi/lib/armv7e-m/fpu\librdimon_nano.a(rdimon-syscalls.o)
 *(COMMON)
 COMMON         0x20002b0c        0x4 ./system/src/stm32f4-hal/stm32f4xx_hal.o
                0x20002b0c                uwTick
 COMMON         0x20002b10        0x4 ./src/BlinkLed.o
                0x20002b10                PERIOD_LED
 COMMON         0x20002b14       0x50 ./src/main.o
                0x20002b14                defaultTaskHandle
                0x20002b18                xSemaphore
                0x20002b1c                hadc1
 COMMON         0x20002b64      0x230 ./src/usb_device.o
                0x20002b64                hUsbDeviceFS
                0x20002d88                isDataTerminalReady
                0x20002d8c                connection_already_open
                0x20002d90                connection_is_open
 COMMON         0x20002d94        0xc ./src/usbd_cdc_if.o
                0x20002d94                hUsbDevice_0
                0x20002d98                UserRxBufferFS
                0x20002d9c                UserTxBufferFS
 COMMON         0x20002da0      0x3b8 ./src/usbd_conf.o
                0x20002da0                hpcd_USB_OTG_FS
 COMMON         0x20003158      0x200 ./src/usbd_desc.o
                0x20003158                USBD_StrDesc
 COMMON         0x20003358        0x4 c:/program files (x86)/gnu tools arm embedded/5.2 2015q4/bin/../lib/gcc/arm-none-eabi/5.2.1/../../../../arm-none-eabi/lib/armv7e-m/fpu\libg_nano.a(lib_a-reent.o)
                0x20003358                errno
                0x2000335c                . = ALIGN (0x4)
                0x2000335c                _ebss = .
                0x2000335c                __bss_end__ = _ebss

._user_heap_stack
                0x2000335c     0x4404 load address 0x0800d75c
                0x20003360                . = ALIGN (0x8)
 *fill*         0x2000335c        0x4 
                0x20003360                PROVIDE (end, .)
                [!provide]                PROVIDE (_end, .)
                0x20003760                . = (. + _Min_Heap_Size)
 *fill*         0x20003360      0x400 
                0x20007760                . = (. + _Min_Stack_Size)
 *fill*         0x20003760     0x4000 
                0x20007760                . = ALIGN (0x8)

/DISCARD/
 libc.a(*)
 libm.a(*)
 libgcc.a(*)

.ARM.attributes
                0x00000000       0x30
 *(.ARM.attributes)
 .ARM.attributes
                0x00000000       0x22 c:/program files (x86)/gnu tools arm embedded/5.2 2015q4/bin/../lib/gcc/arm-none-eabi/5.2.1/armv7e-m/fpu/crti.o
 .ARM.attributes
                0x00000022       0x34 c:/program files (x86)/gnu tools arm embedded/5.2 2015q4/bin/../lib/gcc/arm-none-eabi/5.2.1/armv7e-m/fpu/crtbegin.o
 .ARM.attributes
                0x00000056       0x39 ./system/src/stm32f4-hal/stm32f4xx_hal.o
 .ARM.attributes
                0x0000008f       0x39 ./system/src/stm32f4-hal/stm32f4xx_hal_adc.o
 .ARM.attributes
                0x000000c8       0x39 ./system/src/stm32f4-hal/stm32f4xx_hal_cortex.o
 .ARM.attributes
                0x00000101       0x39 ./system/src/stm32f4-hal/stm32f4xx_hal_gpio.o
 .ARM.attributes
                0x0000013a       0x39 ./system/src/stm32f4-hal/stm32f4xx_hal_pcd.o
 .ARM.attributes
                0x00000173       0x39 ./system/src/stm32f4-hal/stm32f4xx_hal_pcd_ex.o
 .ARM.attributes
                0x000001ac       0x39 ./system/src/stm32f4-hal/stm32f4xx_hal_rcc.o
 .ARM.attributes
                0x000001e5       0x39 ./system/src/stm32f4-hal/stm32f4xx_ll_usb.o
 .ARM.attributes
                0x0000021e       0x39 ./system/src/diag/Trace.o
 .ARM.attributes
                0x00000257       0x39 ./system/src/diag/trace_impl.o
 .ARM.attributes
                0x00000290       0x39 ./system/src/cortexm/exception_handlers.o
 .ARM.attributes
                0x000002c9       0x21 ./system/src/cmsis/startup_stm32f401xc.o
 .ARM.attributes
                0x000002ea       0x39 ./system/src/cmsis/system_stm32f4xx.o
 .ARM.attributes
                0x00000323       0x39 ./src/BlinkLed.o
 .ARM.attributes
                0x0000035c       0x39 ./src/main.o
 .ARM.attributes
                0x00000395       0x39 ./src/stm32f4xx_hal_msp.o
 .ARM.attributes
                0x000003ce       0x39 ./src/stm32f4xx_it.o
 .ARM.attributes
                0x00000407       0x39 ./src/usb_device.o
 .ARM.attributes
                0x00000440       0x39 ./src/usbd_cdc_if.o
 .ARM.attributes
                0x00000479       0x39 ./src/usbd_conf.o
 .ARM.attributes
                0x000004b2       0x39 ./src/usbd_desc.o
 .ARM.attributes
                0x000004eb       0x39 ./Middlewares/ST/STM32_USB_Device_Library/Core/Src/usbd_core.o
 .ARM.attributes
                0x00000524       0x39 ./Middlewares/ST/STM32_USB_Device_Library/Core/Src/usbd_ctlreq.o
 .ARM.attributes
                0x0000055d       0x39 ./Middlewares/ST/STM32_USB_Device_Library/Core/Src/usbd_ioreq.o
 .ARM.attributes
                0x00000596       0x39 ./Middlewares/ST/STM32_USB_Device_Library/Class/CDC/Src/usbd_cdc.o
 .ARM.attributes
                0x000005cf       0x39 ./FreeRTOS/Source/portable/MemMang/heap_4.o
 .ARM.attributes
                0x00000608       0x39 ./FreeRTOS/Source/portable/GCC/ARM_CM4F/port.o
 .ARM.attributes
                0x00000641       0x39 ./FreeRTOS/Source/CMSIS_RTOS/cmsis_os.o
 .ARM.attributes
                0x0000067a       0x39 ./FreeRTOS/Source/list.o
 .ARM.attributes
                0x000006b3       0x39 ./FreeRTOS/Source/queue.o
 .ARM.attributes
                0x000006ec       0x39 ./FreeRTOS/Source/tasks.o
 .ARM.attributes
                0x00000725       0x34 c:/program files (x86)/gnu tools arm embedded/5.2 2015q4/bin/../lib/gcc/arm-none-eabi/5.2.1/../../../../arm-none-eabi/lib/armv7e-m/fpu\libg_nano.a(lib_a-impure.o)
 .ARM.attributes
                0x00000759       0x34 c:/program files (x86)/gnu tools arm embedded/5.2 2015q4/bin/../lib/gcc/arm-none-eabi/5.2.1/../../../../arm-none-eabi/lib/armv7e-m/fpu\libg_nano.a(lib_a-init.o)
 .ARM.attributes
                0x0000078d       0x34 c:/program files (x86)/gnu tools arm embedded/5.2 2015q4/bin/../lib/gcc/arm-none-eabi/5.2.1/../../../../arm-none-eabi/lib/armv7e-m/fpu\libg_nano.a(lib_a-malloc.o)
 .ARM.attributes
                0x000007c1       0x34 c:/program files (x86)/gnu tools arm embedded/5.2 2015q4/bin/../lib/gcc/arm-none-eabi/5.2.1/../../../../arm-none-eabi/lib/armv7e-m/fpu\libg_nano.a(lib_a-memcpy-stub.o)
 .ARM.attributes
                0x000007f5       0x34 c:/program files (x86)/gnu tools arm embedded/5.2 2015q4/bin/../lib/gcc/arm-none-eabi/5.2.1/../../../../arm-none-eabi/lib/armv7e-m/fpu\libg_nano.a(lib_a-memset.o)
 .ARM.attributes
                0x00000829       0x34 c:/program files (x86)/gnu tools arm embedded/5.2 2015q4/bin/../lib/gcc/arm-none-eabi/5.2.1/../../../../arm-none-eabi/lib/armv7e-m/fpu\libg_nano.a(lib_a-nano-freer.o)
 .ARM.attributes
                0x0000085d       0x34 c:/program files (x86)/gnu tools arm embedded/5.2 2015q4/bin/../lib/gcc/arm-none-eabi/5.2.1/../../../../arm-none-eabi/lib/armv7e-m/fpu\libg_nano.a(lib_a-nano-mallocr.o)
 .ARM.attributes
                0x00000891       0x34 c:/program files (x86)/gnu tools arm embedded/5.2 2015q4/bin/../lib/gcc/arm-none-eabi/5.2.1/../../../../arm-none-eabi/lib/armv7e-m/fpu\libg_nano.a(lib_a-nano-vfprintf_float.o)
 .ARM.attributes
                0x000008c5       0x34 c:/program files (x86)/gnu tools arm embedded/5.2 2015q4/bin/../lib/gcc/arm-none-eabi/5.2.1/../../../../arm-none-eabi/lib/armv7e-m/fpu\libg_nano.a(lib_a-nano-vfprintf_i.o)
 .ARM.attributes
                0x000008f9       0x34 c:/program files (x86)/gnu tools arm embedded/5.2 2015q4/bin/../lib/gcc/arm-none-eabi/5.2.1/../../../../arm-none-eabi/lib/armv7e-m/fpu\libg_nano.a(lib_a-nano-vfscanf_float.o)
 .ARM.attributes
                0x0000092d       0x34 c:/program files (x86)/gnu tools arm embedded/5.2 2015q4/bin/../lib/gcc/arm-none-eabi/5.2.1/../../../../arm-none-eabi/lib/armv7e-m/fpu\libg_nano.a(lib_a-s_fpclassify.o)
 .ARM.attributes
                0x00000961       0x34 c:/program files (x86)/gnu tools arm embedded/5.2 2015q4/bin/../lib/gcc/arm-none-eabi/5.2.1/../../../../arm-none-eabi/lib/armv7e-m/fpu\libg_nano.a(lib_a-sbrkr.o)
 .ARM.attributes
                0x00000995       0x34 c:/program files (x86)/gnu tools arm embedded/5.2 2015q4/bin/../lib/gcc/arm-none-eabi/5.2.1/../../../../arm-none-eabi/lib/armv7e-m/fpu\libg_nano.a(lib_a-sf_nan.o)
 .ARM.attributes
                0x000009c9       0x34 c:/program files (x86)/gnu tools arm embedded/5.2 2015q4/bin/../lib/gcc/arm-none-eabi/5.2.1/../../../../arm-none-eabi/lib/armv7e-m/fpu\libg_nano.a(lib_a-sprintf.o)
 .ARM.attributes
                0x000009fd       0x34 c:/program files (x86)/gnu tools arm embedded/5.2 2015q4/bin/../lib/gcc/arm-none-eabi/5.2.1/../../../../arm-none-eabi/lib/armv7e-m/fpu\libg_nano.a(lib_a-sscanf.o)
 .ARM.attributes
                0x00000a31       0x34 c:/program files (x86)/gnu tools arm embedded/5.2 2015q4/bin/../lib/gcc/arm-none-eabi/5.2.1/../../../../arm-none-eabi/lib/armv7e-m/fpu\libg_nano.a(lib_a-stdio.o)
 .ARM.attributes